Archive member included to satisfy reference by file (symbol)

c:/ac6/systemworkbench/plugins/fr.ac6.mcu.externaltools.arm-none.win32_1.13.2.201705091103/tools/compiler/bin/../lib/gcc/arm-none-eabi/5.4.1/../../../../arm-none-eabi/lib/armv7-m\libc_nano.a(lib_a-exit.o)
                              c:/ac6/systemworkbench/plugins/fr.ac6.mcu.externaltools.arm-none.win32_1.13.2.201705091103/tools/compiler/bin/../lib/gcc/arm-none-eabi/5.4.1/../../../../arm-none-eabi/lib/armv7-m/rdimon-crt0.o (exit)
c:/ac6/systemworkbench/plugins/fr.ac6.mcu.externaltools.arm-none.win32_1.13.2.201705091103/tools/compiler/bin/../lib/gcc/arm-none-eabi/5.4.1/../../../../arm-none-eabi/lib/armv7-m\libc_nano.a(lib_a-impure.o)
                              c:/ac6/systemworkbench/plugins/fr.ac6.mcu.externaltools.arm-none.win32_1.13.2.201705091103/tools/compiler/bin/../lib/gcc/arm-none-eabi/5.4.1/../../../../arm-none-eabi/lib/armv7-m\libc_nano.a(lib_a-exit.o) (_global_impure_ptr)
c:/ac6/systemworkbench/plugins/fr.ac6.mcu.externaltools.arm-none.win32_1.13.2.201705091103/tools/compiler/bin/../lib/gcc/arm-none-eabi/5.4.1/../../../../arm-none-eabi/lib/armv7-m\libc_nano.a(lib_a-init.o)
                              c:/ac6/systemworkbench/plugins/fr.ac6.mcu.externaltools.arm-none.win32_1.13.2.201705091103/tools/compiler/bin/../lib/gcc/arm-none-eabi/5.4.1/../../../../arm-none-eabi/lib/armv7-m/rdimon-crt0.o (__libc_init_array)
c:/ac6/systemworkbench/plugins/fr.ac6.mcu.externaltools.arm-none.win32_1.13.2.201705091103/tools/compiler/bin/../lib/gcc/arm-none-eabi/5.4.1/../../../../arm-none-eabi/lib/armv7-m\libc_nano.a(lib_a-memset.o)
                              c:/ac6/systemworkbench/plugins/fr.ac6.mcu.externaltools.arm-none.win32_1.13.2.201705091103/tools/compiler/bin/../lib/gcc/arm-none-eabi/5.4.1/../../../../arm-none-eabi/lib/armv7-m/rdimon-crt0.o (memset)
c:/ac6/systemworkbench/plugins/fr.ac6.mcu.externaltools.arm-none.win32_1.13.2.201705091103/tools/compiler/bin/../lib/gcc/arm-none-eabi/5.4.1/../../../../arm-none-eabi/lib/armv7-m\librdimon_nano.a(rdimon-syscalls.o)
                              c:/ac6/systemworkbench/plugins/fr.ac6.mcu.externaltools.arm-none.win32_1.13.2.201705091103/tools/compiler/bin/../lib/gcc/arm-none-eabi/5.4.1/../../../../arm-none-eabi/lib/armv7-m/rdimon-crt0.o (initialise_monitor_handles)
c:/ac6/systemworkbench/plugins/fr.ac6.mcu.externaltools.arm-none.win32_1.13.2.201705091103/tools/compiler/bin/../lib/gcc/arm-none-eabi/5.4.1/../../../../arm-none-eabi/lib/armv7-m\librdimon_nano.a(rdimon-_exit.o)
                              c:/ac6/systemworkbench/plugins/fr.ac6.mcu.externaltools.arm-none.win32_1.13.2.201705091103/tools/compiler/bin/../lib/gcc/arm-none-eabi/5.4.1/../../../../arm-none-eabi/lib/armv7-m\libc_nano.a(lib_a-exit.o) (_exit)
c:/ac6/systemworkbench/plugins/fr.ac6.mcu.externaltools.arm-none.win32_1.13.2.201705091103/tools/compiler/bin/../lib/gcc/arm-none-eabi/5.4.1/../../../../arm-none-eabi/lib/armv7-m\librdimon_nano.a(rdimon-_kill.o)
                              c:/ac6/systemworkbench/plugins/fr.ac6.mcu.externaltools.arm-none.win32_1.13.2.201705091103/tools/compiler/bin/../lib/gcc/arm-none-eabi/5.4.1/../../../../arm-none-eabi/lib/armv7-m\librdimon_nano.a(rdimon-_exit.o) (_kill)
c:/ac6/systemworkbench/plugins/fr.ac6.mcu.externaltools.arm-none.win32_1.13.2.201705091103/tools/compiler/bin/../lib/gcc/arm-none-eabi/5.4.1/../../../../arm-none-eabi/lib/armv7-m\libc_nano.a(lib_a-errno.o)
                              c:/ac6/systemworkbench/plugins/fr.ac6.mcu.externaltools.arm-none.win32_1.13.2.201705091103/tools/compiler/bin/../lib/gcc/arm-none-eabi/5.4.1/../../../../arm-none-eabi/lib/armv7-m\librdimon_nano.a(rdimon-syscalls.o) (__errno)
c:/ac6/systemworkbench/plugins/fr.ac6.mcu.externaltools.arm-none.win32_1.13.2.201705091103/tools/compiler/bin/../lib/gcc/arm-none-eabi/5.4.1/../../../../arm-none-eabi/lib/armv7-m\libc_nano.a(lib_a-findfp.o)
                              c:/ac6/systemworkbench/plugins/fr.ac6.mcu.externaltools.arm-none.win32_1.13.2.201705091103/tools/compiler/bin/../lib/gcc/arm-none-eabi/5.4.1/../../../../arm-none-eabi/lib/armv7-m\librdimon_nano.a(rdimon-syscalls.o) (__sinit)
c:/ac6/systemworkbench/plugins/fr.ac6.mcu.externaltools.arm-none.win32_1.13.2.201705091103/tools/compiler/bin/../lib/gcc/arm-none-eabi/5.4.1/../../../../arm-none-eabi/lib/armv7-m\libc_nano.a(lib_a-fwalk.o)
                              c:/ac6/systemworkbench/plugins/fr.ac6.mcu.externaltools.arm-none.win32_1.13.2.201705091103/tools/compiler/bin/../lib/gcc/arm-none-eabi/5.4.1/../../../../arm-none-eabi/lib/armv7-m\libc_nano.a(lib_a-findfp.o) (_fwalk)
c:/ac6/systemworkbench/plugins/fr.ac6.mcu.externaltools.arm-none.win32_1.13.2.201705091103/tools/compiler/bin/../lib/gcc/arm-none-eabi/5.4.1/../../../../arm-none-eabi/lib/armv7-m\libc_nano.a(lib_a-memcpy-stub.o)
                              Middlewares/Third_Party/FreeRTOS/Source/queue.o (memcpy)
[...]
Memory Configuration

Name             Origin             Length             Attributes
RAM              0x20000000         0x00005000         xrw
FLASH            0x08000000         0x00010000         xr
*default*        0x00000000         0xffffffff

Linker script and memory map

LOAD c:/ac6/systemworkbench/plugins/fr.ac6.mcu.externaltools.arm-none.win32_1.13.2.201705091103/tools/compiler/bin/../lib/gcc/arm-none-eabi/5.4.1/armv7-m/crti.o
LOAD c:/ac6/systemworkbench/plugins/fr.ac6.mcu.externaltools.arm-none.win32_1.13.2.201705091103/tools/compiler/bin/../lib/gcc/arm-none-eabi/5.4.1/armv7-m/crtbegin.o
LOAD c:/ac6/systemworkbench/plugins/fr.ac6.mcu.externaltools.arm-none.win32_1.13.2.201705091103/tools/compiler/bin/../lib/gcc/arm-none-eabi/5.4.1/../../../../arm-none-eabi/lib/armv7-m/rdimon-crt0.o
LOAD c:/ac6/systemworkbench/plugins/fr.ac6.mcu.externaltools.arm-none.win32_1.13.2.201705091103/tools/compiler/bin/../lib/gcc/arm-none-eabi/5.4.1/../../../../arm-none-eabi/lib/armv7-m\libc_nano.a
LOAD c:/ac6/systemworkbench/plugins/fr.ac6.mcu.externaltools.arm-none.win32_1.13.2.201705091103/tools/compiler/bin/../lib/gcc/arm-none-eabi/5.4.1/../../../../arm-none-eabi/lib/armv7-m\librdimon_nano.a
LOAD Drivers/STM32F1xx_HAL_Driver/Src/stm32f1xx_hal.o
LOAD Drivers/STM32F1xx_HAL_Driver/Src/stm32f1xx_hal_cortex.o
LOAD Drivers/STM32F1xx_HAL_Driver/Src/stm32f1xx_hal_dma.o
LOAD Drivers/STM32F1xx_HAL_Driver/Src/stm32f1xx_hal_flash.o
LOAD Drivers/STM32F1xx_HAL_Driver/Src/stm32f1xx_hal_flash_ex.o
LOAD Drivers/STM32F1xx_HAL_Driver/Src/stm32f1xx_hal_gpio.o
LOAD Drivers/STM32F1xx_HAL_Driver/Src/stm32f1xx_hal_gpio_ex.o
LOAD Drivers/STM32F1xx_HAL_Driver/Src/stm32f1xx_hal_pwr.o
LOAD Drivers/STM32F1xx_HAL_Driver/Src/stm32f1xx_hal_rcc.o
LOAD Drivers/STM32F1xx_HAL_Driver/Src/stm32f1xx_hal_rcc_ex.o
LOAD Drivers/STM32F1xx_HAL_Driver/Src/stm32f1xx_hal_tim.o
LOAD Drivers/STM32F1xx_HAL_Driver/Src/stm32f1xx_hal_tim_ex.o
LOAD Drivers/STM32F1xx_HAL_Driver/Src/stm32f1xx_hal_uart.o
LOAD Middlewares/Third_Party/FreeRTOS/Source/CMSIS_RTOS/cmsis_os.o
LOAD Middlewares/Third_Party/FreeRTOS/Source/croutine.o
LOAD Middlewares/Third_Party/FreeRTOS/Source/event_groups.o
LOAD Middlewares/Third_Party/FreeRTOS/Source/list.o
LOAD Middlewares/Third_Party/FreeRTOS/Source/queue.o
LOAD Middlewares/Third_Party/FreeRTOS/Source/tasks.o
LOAD Middlewares/Third_Party/FreeRTOS/Source/timers.o
LOAD Middlewares/Third_Party/FreeRTOS/Source/portable/GCC/ARM_CM3/port.o
LOAD Middlewares/Third_Party/FreeRTOS/Source/portable/MemMang/heap_4.o
LOAD Src/freertos.o
LOAD Src/main.o
LOAD Src/stm32f1xx_hal_msp.o
LOAD Src/stm32f1xx_hal_timebase_TIM.o
LOAD Src/stm32f1xx_it.o
LOAD Src/system_stm32f1xx.o
LOAD startup/startup_stm32f103xb.o
LOAD c:/ac6/systemworkbench/plugins/fr.ac6.mcu.externaltools.arm-none.win32_1.13.2.201705091103/tools/compiler/bin/../lib/gcc/arm-none-eabi/5.4.1/../../../../arm-none-eabi/lib/armv7-m\libm.a
START GROUP
LOAD c:/ac6/systemworkbench/plugins/fr.ac6.mcu.externaltools.arm-none.win32_1.13.2.201705091103/tools/compiler/bin/../lib/gcc/arm-none-eabi/5.4.1/armv7-m\libgcc.a
LOAD c:/ac6/systemworkbench/plugins/fr.ac6.mcu.externaltools.arm-none.win32_1.13.2.201705091103/tools/compiler/bin/../lib/gcc/arm-none-eabi/5.4.1/../../../../arm-none-eabi/lib/armv7-m\libc_nano.a
END GROUP
START GROUP
LOAD c:/ac6/systemworkbench/plugins/fr.ac6.mcu.externaltools.arm-none.win32_1.13.2.201705091103/tools/compiler/bin/../lib/gcc/arm-none-eabi/5.4.1/armv7-m\libgcc.a
LOAD c:/ac6/systemworkbench/plugins/fr.ac6.mcu.externaltools.arm-none.win32_1.13.2.201705091103/tools/compiler/bin/../lib/gcc/arm-none-eabi/5.4.1/../../../../arm-none-eabi/lib/armv7-m\libc_nano.a
LOAD c:/ac6/systemworkbench/plugins/fr.ac6.mcu.externaltools.arm-none.win32_1.13.2.201705091103/tools/compiler/bin/../lib/gcc/arm-none-eabi/5.4.1/../../../../arm-none-eabi/lib/armv7-m\libnosys.a
END GROUP
START GROUP
LOAD c:/ac6/systemworkbench/plugins/fr.ac6.mcu.externaltools.arm-none.win32_1.13.2.201705091103/tools/compiler/bin/../lib/gcc/arm-none-eabi/5.4.1/armv7-m\libgcc.a
LOAD c:/ac6/systemworkbench/plugins/fr.ac6.mcu.externaltools.arm-none.win32_1.13.2.201705091103/tools/compiler/bin/../lib/gcc/arm-none-eabi/5.4.1/../../../../arm-none-eabi/lib/armv7-m\libc_nano.a
LOAD c:/ac6/systemworkbench/plugins/fr.ac6.mcu.externaltools.arm-none.win32_1.13.2.201705091103/tools/compiler/bin/../lib/gcc/arm-none-eabi/5.4.1/../../../../arm-none-eabi/lib/armv7-m\librdimon_nano.a
LOAD c:/ac6/systemworkbench/plugins/fr.ac6.mcu.externaltools.arm-none.win32_1.13.2.201705091103/tools/compiler/bin/../lib/gcc/arm-none-eabi/5.4.1/../../../../arm-none-eabi/lib/armv7-m\libnosys.a
END GROUP
START GROUP
LOAD c:/ac6/systemworkbench/plugins/fr.ac6.mcu.externaltools.arm-none.win32_1.13.2.201705091103/tools/compiler/bin/../lib/gcc/arm-none-eabi/5.4.1/armv7-m\libgcc.a
LOAD c:/ac6/systemworkbench/plugins/fr.ac6.mcu.externaltools.arm-none.win32_1.13.2.201705091103/tools/compiler/bin/../lib/gcc/arm-none-eabi/5.4.1/../../../../arm-none-eabi/lib/armv7-m\libc_nano.a
LOAD c:/ac6/systemworkbench/plugins/fr.ac6.mcu.externaltools.arm-none.win32_1.13.2.201705091103/tools/compiler/bin/../lib/gcc/arm-none-eabi/5.4.1/../../../../arm-none-eabi/lib/armv7-m\librdimon_nano.a
END GROUP
LOAD c:/ac6/systemworkbench/plugins/fr.ac6.mcu.externaltools.arm-none.win32_1.13.2.201705091103/tools/compiler/bin/../lib/gcc/arm-none-eabi/5.4.1/armv7-m/crtend.o
LOAD c:/ac6/systemworkbench/plugins/fr.ac6.mcu.externaltools.arm-none.win32_1.13.2.201705091103/tools/compiler/bin/../lib/gcc/arm-none-eabi/5.4.1/armv7-m/crtn.o
                0x20005000                _estack = 0x20005000
                0x00000200                _Min_Heap_Size = 0x200
                0x00000400                _Min_Stack_Size = 0x400

.isr_vector     0x08000000      0x10c
                0x08000000                . = ALIGN (0x4)
 *(.isr_vector)
 .isr_vector    0x08000000      0x10c startup/startup_stm32f103xb.o
                0x08000000                g_pfnVectors
                0x0800010c                . = ALIGN (0x4)

.text           0x0800010c     0x4754
                0x0800010c                . = ALIGN (0x4)
 *(.text)
 .text          0x0800010c       0x5c c:/ac6/systemworkbench/plugins/fr.ac6.mcu.externaltools.arm-none.win32_1.13.2.201705091103/tools/compiler/bin/../lib/gcc/arm-none-eabi/5.4.1/armv7-m/crtbegin.o
 *(.text*)
 .text.__libc_init_array
                0x08000168       0x4c c:/ac6/systemworkbench/plugins/fr.ac6.mcu.externaltools.arm-none.win32_1.13.2.201705091103/tools/compiler/bin/../lib/gcc/arm-none-eabi/5.4.1/../../../../arm-none-eabi/lib/armv7-m\libc_nano.a(lib_a-init.o)
                0x08000168                __libc_init_array
 .text.memset   0x080001b4       0x10 c:/ac6/systemworkbench/plugins/fr.ac6.mcu.externaltools.arm-none.win32_1.13.2.201705091103/tools/compiler/bin/../lib/gcc/arm-none-eabi/5.4.1/../../../../arm-none-eabi/lib/armv7-m\libc_nano.a(lib_a-memset.o)
                0x080001b4                memset
 .text.findslot
                0x080001c4       0x34 c:/ac6/systemworkbench/plugins/fr.ac6.mcu.externaltools.arm-none.win32_1.13.2.201705091103/tools/compiler/bin/../lib/gcc/arm-none-eabi/5.4.1/../../../../arm-none-eabi/lib/armv7-m\librdimon_nano.a(rdimon-syscalls.o)
 .text.checkerror
                0x080001f8       0x20 c:/ac6/systemworkbench/plugins/fr.ac6.mcu.externaltools.arm-none.win32_1.13.2.201705091103/tools/compiler/bin/../lib/gcc/arm-none-eabi/5.4.1/../../../../arm-none-eabi/lib/armv7-m\librdimon_nano.a(rdimon-syscalls.o)
 .text.error    0x08000218       0x1c c:/ac6/systemworkbench/plugins/fr.ac6.mcu.externaltools.arm-none.win32_1.13.2.201705091103/tools/compiler/bin/../lib/gcc/arm-none-eabi/5.4.1/../../../../arm-none-eabi/lib/armv7-m\librdimon_nano.a(rdimon-syscalls.o)
 .text.initialise_monitor_handles
                0x08000234       0xa8 c:/ac6/systemworkbench/plugins/fr.ac6.mcu.externaltools.arm-none.win32_1.13.2.201705091103/tools/compiler/bin/../lib/gcc/arm-none-eabi/5.4.1/../../../../arm-none-eabi/lib/armv7-m\librdimon_nano.a(rdimon-syscalls.o)
                0x08000234                initialise_monitor_handles
 .text._swiread
                0x080002dc       0x20 c:/ac6/systemworkbench/plugins/fr.ac6.mcu.externaltools.arm-none.win32_1.13.2.201705091103/tools/compiler/bin/../lib/gcc/arm-none-eabi/5.4.1/../../../../arm-none-eabi/lib/armv7-m\librdimon_nano.a(rdimon-syscalls.o)
                0x080002dc                _swiread
 .text._read    0x080002fc       0x34 c:/ac6/systemworkbench/plugins/fr.ac6.mcu.externaltools.arm-none.win32_1.13.2.201705091103/tools/compiler/bin/../lib/gcc/arm-none-eabi/5.4.1/../../../../arm-none-eabi/lib/armv7-m\librdimon_nano.a(rdimon-syscalls.o)
                0x080002fc                _read
 .text._swilseek
                0x08000330       0x7a c:/ac6/systemworkbench/plugins/fr.ac6.mcu.externaltools.arm-none.win32_1.13.2.201705091103/tools/compiler/bin/../lib/gcc/arm-none-eabi/5.4.1/../../../../arm-none-eabi/lib/armv7-m\librdimon_nano.a(rdimon-syscalls.o)
                0x08000330                _swilseek
 .text._lseek   0x080003aa        0x4 c:/ac6/systemworkbench/plugins/fr.ac6.mcu.externaltools.arm-none.win32_1.13.2.201705091103/tools/compiler/bin/../lib/gcc/arm-none-eabi/5.4.1/../../../../arm-none-eabi/lib/armv7-m\librdimon_nano.a(rdimon-syscalls.o)
                0x080003aa                _lseek
 .text._swiwrite
                0x080003ae       0x20 c:/ac6/systemworkbench/plugins/fr.ac6.mcu.externaltools.arm-none.win32_1.13.2.201705091103/tools/compiler/bin/../lib/gcc/arm-none-eabi/5.4.1/../../../../arm-none-eabi/lib/armv7-m\librdimon_nano.a(rdimon-syscalls.o)
                0x080003ae                _swiwrite
 .text._write   0x080003ce       0x42 c:/ac6/systemworkbench/plugins/fr.ac6.mcu.externaltools.arm-none.win32_1.13.2.201705091103/tools/compiler/bin/../lib/gcc/arm-none-eabi/5.4.1/../../../../arm-none-eabi/lib/armv7-m\librdimon_nano.a(rdimon-syscalls.o)
                0x080003ce                _write
 .text._swiclose
                0x08000410       0x1c c:/ac6/systemworkbench/plugins/fr.ac6.mcu.externaltools.arm-none.win32_1.13.2.201705091103/tools/compiler/bin/../lib/gcc/arm-none-eabi/5.4.1/../../../../arm-none-eabi/lib/armv7-m\librdimon_nano.a(rdimon-syscalls.o)
                0x08000410                _swiclose
 .text._close   0x0800042c       0x48 c:/ac6/systemworkbench/plugins/fr.ac6.mcu.externaltools.arm-none.win32_1.13.2.201705091103/tools/compiler/bin/../lib/gcc/arm-none-eabi/5.4.1/../../../../arm-none-eabi/lib/armv7-m\librdimon_nano.a(rdimon-syscalls.o)
                0x0800042c                _close
 .text._sbrk    0x08000474       0x48 c:/ac6/systemworkbench/plugins/fr.ac6.mcu.externaltools.arm-none.win32_1.13.2.201705091103/tools/compiler/bin/../lib/gcc/arm-none-eabi/5.4.1/../../../../arm-none-eabi/lib/armv7-m\librdimon_nano.a(rdimon-syscalls.o)
                0x08000474                _sbrk
 .text._swistat
                0x080004bc       0x42 c:/ac6/systemworkbench/plugins/fr.ac6.mcu.externaltools.arm-none.win32_1.13.2.201705091103/tools/compiler/bin/../lib/gcc/arm-none-eabi/5.4.1/../../../../arm-none-eabi/lib/armv7-m\librdimon_nano.a(rdimon-syscalls.o)
                0x080004bc                _swistat
 .text._fstat   0x080004fe       0x1c c:/ac6/systemworkbench/plugins/fr.ac6.mcu.externaltools.arm-none.win32_1.13.2.201705091103/tools/compiler/bin/../lib/gcc/arm-none-eabi/5.4.1/../../../../arm-none-eabi/lib/armv7-m\librdimon_nano.a(rdimon-syscalls.o)
                0x080004fe                _fstat
 .text._isatty  0x0800051a       0x38 c:/ac6/systemworkbench/plugins/fr.ac6.mcu.externaltools.arm-none.win32_1.13.2.201705091103/tools/compiler/bin/../lib/gcc/arm-none-eabi/5.4.1/../../../../arm-none-eabi/lib/armv7-m\librdimon_nano.a(rdimon-syscalls.o)
                0x0800051a                _isatty
 *fill*         0x08000552        0x2 
 .text.HAL_Init
                0x08000554       0x24 Drivers/STM32F1xx_HAL_Driver/Src/stm32f1xx_hal.o
                0x08000554                HAL_Init
 .text.HAL_IncTick
                0x08000578       0x10 Drivers/STM32F1xx_HAL_Driver/Src/stm32f1xx_hal.o
                0x08000578                HAL_IncTick
 .text.HAL_GetTick
                0x08000588        0xc Drivers/STM32F1xx_HAL_Driver/Src/stm32f1xx_hal.o
                0x08000588                HAL_GetTick
 .text.HAL_Delay
                0x08000594       0x1c Drivers/STM32F1xx_HAL_Driver/Src/stm32f1xx_hal.o
                0x08000594                HAL_Delay
 .text.HAL_NVIC_SetPriorityGrouping
                0x080005b0       0x24 Drivers/STM32F1xx_HAL_Driver/Src/stm32f1xx_hal_cortex.o
                0x080005b0                HAL_NVIC_SetPriorityGrouping
 .text.HAL_NVIC_SetPriority
                0x080005d4       0x64 Drivers/STM32F1xx_HAL_Driver/Src/stm32f1xx_hal_cortex.o
                0x080005d4                HAL_NVIC_SetPriority
 .text.HAL_NVIC_EnableIRQ
                0x08000638       0x18 Drivers/STM32F1xx_HAL_Driver/Src/stm32f1xx_hal_cortex.o
                0x08000638                HAL_NVIC_EnableIRQ
 .text.HAL_SYSTICK_Config
                0x08000650       0x2c Drivers/STM32F1xx_HAL_Driver/Src/stm32f1xx_hal_cortex.o
                0x08000650                HAL_SYSTICK_Config
 .text.HAL_SYSTICK_CLKSourceConfig
                0x0800067c       0x20 Drivers/STM32F1xx_HAL_Driver/Src/stm32f1xx_hal_cortex.o
                0x0800067c                HAL_SYSTICK_CLKSourceConfig
 .text.HAL_GPIO_Init
                0x0800069c      0x1d8 Drivers/STM32F1xx_HAL_Driver/Src/stm32f1xx_hal_gpio.o
                0x0800069c                HAL_GPIO_Init
 .text.HAL_GPIO_WritePin
                0x08000874        0xc Drivers/STM32F1xx_HAL_Driver/Src/stm32f1xx_hal_gpio.o
                0x08000874                HAL_GPIO_WritePin
 .text.HAL_RCC_OscConfig
                0x08000880      0x5ec Drivers/STM32F1xx_HAL_Driver/Src/stm32f1xx_hal_rcc.o
                0x08000880                HAL_RCC_OscConfig
 .text.HAL_RCC_GetSysClockFreq
                0x08000e6c       0x94 Drivers/STM32F1xx_HAL_Driver/Src/stm32f1xx_hal_rcc.o
                0x08000e6c                HAL_RCC_GetSysClockFreq
 .text.HAL_RCC_ClockConfig
                0x08000f00      0x1e4 Drivers/STM32F1xx_HAL_Driver/Src/stm32f1xx_hal_rcc.o
                0x08000f00                HAL_RCC_ClockConfig
 .text.HAL_RCC_GetHCLKFreq
                0x080010e4        0xc Drivers/STM32F1xx_HAL_Driver/Src/stm32f1xx_hal_rcc.o
                0x080010e4                HAL_RCC_GetHCLKFreq
 .text.HAL_RCC_GetPCLK1Freq
                0x080010f0       0x30 Drivers/STM32F1xx_HAL_Driver/Src/stm32f1xx_hal_rcc.o
                0x080010f0                HAL_RCC_GetPCLK1Freq
 .text.HAL_RCC_GetPCLK2Freq
                0x08001120       0x30 Drivers/STM32F1xx_HAL_Driver/Src/stm32f1xx_hal_rcc.o
                0x08001120                HAL_RCC_GetPCLK2Freq
 .text.HAL_RCC_GetClockConfig
                0x08001150       0x3c Drivers/STM32F1xx_HAL_Driver/Src/stm32f1xx_hal_rcc.o
                0x08001150                HAL_RCC_GetClockConfig
 .text.HAL_TIM_Base_MspInit
                0x0800118c        0x4 Drivers/STM32F1xx_HAL_Driver/Src/stm32f1xx_hal_tim.o
                0x0800118c                HAL_TIM_Base_MspInit
 .text.HAL_TIM_Base_Start_IT
                0x08001190       0x18 Drivers/STM32F1xx_HAL_Driver/Src/stm32f1xx_hal_tim.o
                0x08001190                HAL_TIM_Base_Start_IT
 .text.HAL_TIM_OC_DelayElapsedCallback
                0x080011a8        0x4 Drivers/STM32F1xx_HAL_Driver/Src/stm32f1xx_hal_tim.o
                0x080011a8                HAL_TIM_OC_DelayElapsedCallback
 .text.HAL_TIM_IC_CaptureCallback
                0x080011ac        0x4 Drivers/STM32F1xx_HAL_Driver/Src/stm32f1xx_hal_tim.o
                0x080011ac                HAL_TIM_IC_CaptureCallback
 .text.HAL_TIM_PWM_PulseFinishedCallback
                0x080011b0        0x4 Drivers/STM32F1xx_HAL_Driver/Src/stm32f1xx_hal_tim.o
                0x080011b0                HAL_TIM_PWM_PulseFinishedCallback
 .text.HAL_TIM_TriggerCallback
                0x080011b4        0x4 Drivers/STM32F1xx_HAL_Driver/Src/stm32f1xx_hal_tim.o
                0x080011b4                HAL_TIM_TriggerCallback
 .text.HAL_TIM_IRQHandler
                0x080011b8      0x174 Drivers/STM32F1xx_HAL_Driver/Src/stm32f1xx_hal_tim.o
                0x080011b8                HAL_TIM_IRQHandler
 .text.TIM_Base_SetConfig
                0x0800132c       0x68 Drivers/STM32F1xx_HAL_Driver/Src/stm32f1xx_hal_tim.o
                0x0800132c                TIM_Base_SetConfig
 .text.HAL_TIM_Base_Init
                0x08001394       0x38 Drivers/STM32F1xx_HAL_Driver/Src/stm32f1xx_hal_tim.o
                0x08001394                HAL_TIM_Base_Init
 .text.HAL_TIMEx_CommutationCallback
                0x080013cc        0x4 Drivers/STM32F1xx_HAL_Driver/Src/stm32f1xx_hal_tim_ex.o
                0x080013cc                HAL_TIMEx_CommutationCallback
 .text.HAL_TIMEx_BreakCallback
                0x080013d0        0x4 Drivers/STM32F1xx_HAL_Driver/Src/stm32f1xx_hal_tim_ex.o
                0x080013d0                HAL_TIMEx_BreakCallback
 .text.UART_Transmit_IT
                0x080013d4       0x6c Drivers/STM32F1xx_HAL_Driver/Src/stm32f1xx_hal_uart.o
 .text.UART_SetConfig
                0x08001440      0x1bc Drivers/STM32F1xx_HAL_Driver/Src/stm32f1xx_hal_uart.o
 .text.HAL_UART_Init
                0x080015fc       0x60 Drivers/STM32F1xx_HAL_Driver/Src/stm32f1xx_hal_uart.o
                0x080015fc                HAL_UART_Init
 .text.HAL_UART_TxCpltCallback
                0x0800165c        0x4 Drivers/STM32F1xx_HAL_Driver/Src/stm32f1xx_hal_uart.o
                0x0800165c                HAL_UART_TxCpltCallback
 .text.UART_EndTransmit_IT
                0x08001660       0x2c Drivers/STM32F1xx_HAL_Driver/Src/stm32f1xx_hal_uart.o
 .text.HAL_UART_RxCpltCallback
                0x0800168c        0x4 Drivers/STM32F1xx_HAL_Driver/Src/stm32f1xx_hal_uart.o
                0x0800168c                HAL_UART_RxCpltCallback
 .text.UART_Receive_IT
                0x08001690       0xb4 Drivers/STM32F1xx_HAL_Driver/Src/stm32f1xx_hal_uart.o
 .text.HAL_UART_ErrorCallback
                0x08001744        0x4 Drivers/STM32F1xx_HAL_Driver/Src/stm32f1xx_hal_uart.o
                0x08001744                HAL_UART_ErrorCallback
 .text.HAL_UART_IRQHandler
                0x08001748       0xc4 Drivers/STM32F1xx_HAL_Driver/Src/stm32f1xx_hal_uart.o
                0x08001748                HAL_UART_IRQHandler
 .text.makeFreeRtosPriority
                0x0800180c        0xc Middlewares/Third_Party/FreeRTOS/Source/CMSIS_RTOS/cmsis_os.o
 .text.inHandlerMode
                0x08001818        0xc Middlewares/Third_Party/FreeRTOS/Source/CMSIS_RTOS/cmsis_os.o
 .text.osKernelStart
                0x08001824        0xc Middlewares/Third_Party/FreeRTOS/Source/CMSIS_RTOS/cmsis_os.o
                0x08001824                osKernelStart
 .text.osThreadCreate
                0x08001830       0x3c Middlewares/Third_Party/FreeRTOS/Source/CMSIS_RTOS/cmsis_os.o
                0x08001830                osThreadCreate
 .text.osDelay  0x0800186c       0x10 Middlewares/Third_Party/FreeRTOS/Source/CMSIS_RTOS/cmsis_os.o
                0x0800186c                osDelay
 .text.osMutexCreate
                0x0800187c        0xc Middlewares/Third_Party/FreeRTOS/Source/CMSIS_RTOS/cmsis_os.o
                0x0800187c                osMutexCreate
 .text.osMutexWait
                0x08001888       0x68 Middlewares/Third_Party/FreeRTOS/Source/CMSIS_RTOS/cmsis_os.o
                0x08001888                osMutexWait
 .text.osMutexRelease
                0x080018f0       0x54 Middlewares/Third_Party/FreeRTOS/Source/CMSIS_RTOS/cmsis_os.o
                0x080018f0                osMutexRelease
 .text.osSemaphoreCreate
                0x08001944       0x2c Middlewares/Third_Party/FreeRTOS/Source/CMSIS_RTOS/cmsis_os.o
                0x08001944                osSemaphoreCreate
 .text.osMessageCreate
                0x08001970       0x10 Middlewares/Third_Party/FreeRTOS/Source/CMSIS_RTOS/cmsis_os.o
                0x08001970                osMessageCreate
 .text.osMessagePut
                0x08001980       0x60 Middlewares/Third_Party/FreeRTOS/Source/CMSIS_RTOS/cmsis_os.o
                0x08001980                osMessagePut
 .text.osMessageGet
                0x080019e0       0x94 Middlewares/Third_Party/FreeRTOS/Source/CMSIS_RTOS/cmsis_os.o
                0x080019e0                osMessageGet
 .text.osSystickHandler
                0x08001a74       0x10 Middlewares/Third_Party/FreeRTOS/Source/CMSIS_RTOS/cmsis_os.o
                0x08001a74                osSystickHandler
 .text.vListInitialise
                0x08001a84       0x18 Middlewares/Third_Party/FreeRTOS/Source/list.o
                0x08001a84                vListInitialise
 .text.vListInitialiseItem
                0x08001a9c        0x8 Middlewares/Third_Party/FreeRTOS/Source/list.o
                0x08001a9c                vListInitialiseItem
 .text.vListInsertEnd
                0x08001aa4       0x18 Middlewares/Third_Party/FreeRTOS/Source/list.o
                0x08001aa4                vListInsertEnd
 .text.vListInsert
                0x08001abc       0x34 Middlewares/Third_Party/FreeRTOS/Source/list.o
                0x08001abc                vListInsert
 .text.uxListRemove
                0x08001af0       0x24 Middlewares/Third_Party/FreeRTOS/Source/list.o
                0x08001af0                uxListRemove
 .text.prvIsQueueFull
                0x08001b14       0x20 Middlewares/Third_Party/FreeRTOS/Source/queue.o
 .text.prvIsQueueEmpty
                0x08001b34       0x1c Middlewares/Third_Party/FreeRTOS/Source/queue.o
 .text.prvCopyDataToQueue
                0x08001b50       0x7c Middlewares/Third_Party/FreeRTOS/Source/queue.o
 .text.prvCopyDataFromQueue
                0x08001bcc       0x24 Middlewares/Third_Party/FreeRTOS/Source/queue.o
 .text.prvUnlockQueue
                0x08001bf0       0x64 Middlewares/Third_Party/FreeRTOS/Source/queue.o
 .text.xQueueGenericReset
                0x08001c54       0x64 Middlewares/Third_Party/FreeRTOS/Source/queue.o
                0x08001c54                xQueueGenericReset
 .text.xQueueGenericCreate
                0x08001cb8       0x48 Middlewares/Third_Party/FreeRTOS/Source/queue.o
                0x08001cb8                xQueueGenericCreate
 .text.xQueueCreateCountingSemaphore
                0x08001d00       0x30 Middlewares/Third_Party/FreeRTOS/Source/queue.o
                0x08001d00                xQueueCreateCountingSemaphore
 .text.xQueueGenericSend
                0x08001d30      0x12c Middlewares/Third_Party/FreeRTOS/Source/queue.o
                0x08001d30                xQueueGenericSend
 .text.xQueueCreateMutex
                0x08001e5c       0x44 Middlewares/Third_Party/FreeRTOS/Source/queue.o
                0x08001e5c                xQueueCreateMutex
 .text.xQueueGenericSendFromISR
                0x08001ea0       0xa8 Middlewares/Third_Party/FreeRTOS/Source/queue.o
                0x08001ea0                xQueueGenericSendFromISR
 .text.xQueueGiveFromISR
                0x08001f48       0x8c Middlewares/Third_Party/FreeRTOS/Source/queue.o
                0x08001f48                xQueueGiveFromISR
 .text.xQueueGenericReceive
                0x08001fd4      0x13c Middlewares/Third_Party/FreeRTOS/Source/queue.o
                0x08001fd4                xQueueGenericReceive
 .text.xQueueReceiveFromISR
                0x08002110       0x84 Middlewares/Third_Party/FreeRTOS/Source/queue.o
                0x08002110                xQueueReceiveFromISR
 .text.vQueueAddToRegistry
                0x08002194       0x28 Middlewares/Third_Party/FreeRTOS/Source/queue.o
                0x08002194                vQueueAddToRegistry
 .text.vQueueWaitForMessageRestricted
                0x080021bc       0x40 Middlewares/Third_Party/FreeRTOS/Source/queue.o
                0x080021bc                vQueueWaitForMessageRestricted
 .text.prvResetNextTaskUnblockTime
                0x080021fc       0x2c Middlewares/Third_Party/FreeRTOS/Source/tasks.o
 .text.prvAllocateTCBAndStack
                0x08002228       0x2c Middlewares/Third_Party/FreeRTOS/Source/tasks.o
 .text.prvDeleteTCB
                0x08002254       0x14 Middlewares/Third_Party/FreeRTOS/Source/tasks.o
 .text.prvInitialiseTCBVariables
                0x08002268       0x50 Middlewares/Third_Party/FreeRTOS/Source/tasks.o
 .text.prvInitialiseTaskLists
                0x080022b8       0x58 Middlewares/Third_Party/FreeRTOS/Source/tasks.o
 .text.prvAddCurrentTaskToDelayedList
                0x08002310       0x44 Middlewares/Third_Party/FreeRTOS/Source/tasks.o
 .text.xTaskGenericCreate
                0x08002354      0x10c Middlewares/Third_Party/FreeRTOS/Source/tasks.o
                0x08002354                xTaskGenericCreate
 .text.vTaskStartScheduler
                0x08002460       0x5c Middlewares/Third_Party/FreeRTOS/Source/tasks.o
                0x08002460                vTaskStartScheduler
 .text.vTaskSuspendAll
                0x080024bc       0x14 Middlewares/Third_Party/FreeRTOS/Source/tasks.o
                0x080024bc                vTaskSuspendAll
 .text.xTaskGetTickCount
                0x080024d0        0xc Middlewares/Third_Party/FreeRTOS/Source/tasks.o
                0x080024d0                xTaskGetTickCount
 .text.xTaskIncrementTick
                0x080024dc      0x110 Middlewares/Third_Party/FreeRTOS/Source/tasks.o
                0x080024dc                xTaskIncrementTick
 .text.xTaskResumeAll
                0x080025ec       0xdc Middlewares/Third_Party/FreeRTOS/Source/tasks.o
                0x080025ec                xTaskResumeAll
 .text.vTaskDelay
                0x080026c8       0x60 Middlewares/Third_Party/FreeRTOS/Source/tasks.o
                0x080026c8                vTaskDelay
 .text.prvCheckTasksWaitingTermination
                0x08002728       0x54 Middlewares/Third_Party/FreeRTOS/Source/tasks.o
 .text.prvIdleTask
                0x0800277c       0x18 Middlewares/Third_Party/FreeRTOS/Source/tasks.o
 .text.vTaskSwitchContext
                0x08002794       0x80 Middlewares/Third_Party/FreeRTOS/Source/tasks.o
                0x08002794                vTaskSwitchContext
 .text.vTaskPlaceOnEventList
                0x08002814       0x64 Middlewares/Third_Party/FreeRTOS/Source/tasks.o
                0x08002814                vTaskPlaceOnEventList
 .text.vTaskPlaceOnEventListRestricted
                0x08002878       0x64 Middlewares/Third_Party/FreeRTOS/Source/tasks.o
                0x08002878                vTaskPlaceOnEventListRestricted
 .text.xTaskRemoveFromEventList
                0x080028dc       0x7c Middlewares/Third_Party/FreeRTOS/Source/tasks.o
                0x080028dc                xTaskRemoveFromEventList
 .text.vTaskSetTimeOutState
                0x08002958       0x20 Middlewares/Third_Party/FreeRTOS/Source/tasks.o
                0x08002958                vTaskSetTimeOutState
 .text.xTaskCheckForTimeOut
                0x08002978       0x68 Middlewares/Third_Party/FreeRTOS/Source/tasks.o
                0x08002978                xTaskCheckForTimeOut
 .text.vTaskMissedYield
                0x080029e0       0x10 Middlewares/Third_Party/FreeRTOS/Source/tasks.o
                0x080029e0                vTaskMissedYield
 .text.xTaskGetSchedulerState
                0x080029f0       0x20 Middlewares/Third_Party/FreeRTOS/Source/tasks.o
                0x080029f0                xTaskGetSchedulerState
 .text.vTaskPriorityInherit
                0x08002a10       0xb4 Middlewares/Third_Party/FreeRTOS/Source/tasks.o
                0x08002a10                vTaskPriorityInherit
 .text.xTaskPriorityDisinherit
                0x08002ac4       0x9c Middlewares/Third_Party/FreeRTOS/Source/tasks.o
                0x08002ac4                xTaskPriorityDisinherit
 .text.pvTaskIncrementMutexHeldCount
                0x08002b60       0x20 Middlewares/Third_Party/FreeRTOS/Source/tasks.o
                0x08002b60                pvTaskIncrementMutexHeldCount
 .text.prvGetNextExpireTime
                0x08002b80       0x20 Middlewares/Third_Party/FreeRTOS/Source/timers.o
 .text.prvInsertTimerInActiveList
                0x08002ba0       0x44 Middlewares/Third_Party/FreeRTOS/Source/timers.o
 .text.prvCheckForValidListAndQueue
                0x08002be4       0x50 Middlewares/Third_Party/FreeRTOS/Source/timers.o
 .text.xTimerCreateTimerTask
                0x08002c34       0x44 Middlewares/Third_Party/FreeRTOS/Source/timers.o
                0x08002c34                xTimerCreateTimerTask
 .text.xTimerGenericCommand
                0x08002c78       0x60 Middlewares/Third_Party/FreeRTOS/Source/timers.o
                0x08002c78                xTimerGenericCommand
 .text.prvSwitchTimerLists
                0x08002cd8       0x68 Middlewares/Third_Party/FreeRTOS/Source/timers.o
 .text.prvSampleTimeNow
                0x08002d40       0x2c Middlewares/Third_Party/FreeRTOS/Source/timers.o
 .text.prvProcessExpiredTimer
                0x08002d6c       0x54 Middlewares/Third_Party/FreeRTOS/Source/timers.o
 .text.prvProcessTimerOrBlockTask
                0x08002dc0       0x60 Middlewares/Third_Party/FreeRTOS/Source/timers.o
 .text.prvProcessReceivedCommands
                0x08002e20       0xa8 Middlewares/Third_Party/FreeRTOS/Source/timers.o
 .text.prvTimerTask
                0x08002ec8       0x18 Middlewares/Third_Party/FreeRTOS/Source/timers.o
 .text.prvPortStartFirstTask
                0x08002ee0       0x20 Middlewares/Third_Party/FreeRTOS/Source/portable/GCC/ARM_CM3/port.o
 .text.pxPortInitialiseStack
                0x08002f00       0x20 Middlewares/Third_Party/FreeRTOS/Source/portable/GCC/ARM_CM3/port.o
                0x08002f00                pxPortInitialiseStack
 .text.SVC_Handler
                0x08002f20       0x24 Middlewares/Third_Party/FreeRTOS/Source/portable/GCC/ARM_CM3/port.o
                0x08002f20                SVC_Handler
 .text.vPortYield
                0x08002f44       0x18 Middlewares/Third_Party/FreeRTOS/Source/portable/GCC/ARM_CM3/port.o
                0x08002f44                vPortYield
 .text.ulPortSetInterruptMask
                0x08002f5c       0x10 Middlewares/Third_Party/FreeRTOS/Source/portable/GCC/ARM_CM3/port.o
                0x08002f5c                ulPortSetInterruptMask
 .text.prvTaskExitError
                0x08002f6c       0x1c Middlewares/Third_Party/FreeRTOS/Source/portable/GCC/ARM_CM3/port.o
 .text.vPortEnterCritical
                0x08002f88       0x34 Middlewares/Third_Party/FreeRTOS/Source/portable/GCC/ARM_CM3/port.o
                0x08002f88                vPortEnterCritical
 .text.vPortClearInterruptMask
                0x08002fbc        0x8 Middlewares/Third_Party/FreeRTOS/Source/portable/GCC/ARM_CM3/port.o
                0x08002fbc                vPortClearInterruptMask
 .text.vPortExitCritical
                0x08002fc4       0x24 Middlewares/Third_Party/FreeRTOS/Source/portable/GCC/ARM_CM3/port.o
                0x08002fc4                vPortExitCritical
 .text.PendSV_Handler
                0x08002fe8       0x44 Middlewares/Third_Party/FreeRTOS/Source/portable/GCC/ARM_CM3/port.o
                0x08002fe8                PendSV_Handler
 .text.xPortSysTickHandler
                0x0800302c       0x20 Middlewares/Third_Party/FreeRTOS/Source/portable/GCC/ARM_CM3/port.o
                0x0800302c                xPortSysTickHandler
 .text.vPortSetupTimerInterrupt
                0x0800304c       0x2c Middlewares/Third_Party/FreeRTOS/Source/portable/GCC/ARM_CM3/port.o
                0x0800304c                vPortSetupTimerInterrupt
 .text.xPortStartScheduler
                0x08003078       0x90 Middlewares/Third_Party/FreeRTOS/Source/portable/GCC/ARM_CM3/port.o
                0x08003078                xPortStartScheduler
 .text.vPortValidateInterruptPriority
                0x08003108       0x44 Middlewares/Third_Party/FreeRTOS/Source/portable/GCC/ARM_CM3/port.o
                0x08003108                vPortValidateInterruptPriority
 .text.prvHeapInit
                0x0800314c       0x58 Middlewares/Third_Party/FreeRTOS/Source/portable/MemMang/heap_4.o
 .text.prvInsertBlockIntoFreeList
                0x080031a4       0x58 Middlewares/Third_Party/FreeRTOS/Source/portable/MemMang/heap_4.o
 .text.pvPortMalloc
                0x080031fc       0xe8 Middlewares/Third_Party/FreeRTOS/Source/portable/MemMang/heap_4.o
                0x080031fc                pvPortMalloc
 .text.vPortFree
                0x080032e4       0x60 Middlewares/Third_Party/FreeRTOS/Source/portable/MemMang/heap_4.o
                0x080032e4                vPortFree
 .text.MX_GPIO_Init
                0x08003344       0xcc Src/main.o
 .text.StartDefaultTask
                0x08003410        0xc Src/main.o
                0x08003410                StartDefaultTask
 .text.StartProducer
                0x0800341c       0x80 Src/main.o
                0x0800341c                StartProducer
 .text.StartConsumer
                0x0800349c       0x84 Src/main.o
                0x0800349c                StartConsumer
 .text.HAL_TIM_PeriodElapsedCallback
                0x08003520       0x14 Src/main.o
                0x08003520                HAL_TIM_PeriodElapsedCallback
 .text._Error_Handler
                0x08003534        0x4 Src/main.o
                0x08003534                _Error_Handler
 .text.MX_USART1_UART_Init
                0x08003538       0x3c Src/main.o
 .text.SystemClock_Config
                0x08003574       0x84 Src/main.o
                0x08003574                SystemClock_Config
 .text.main     0x080035f8      0x104 Src/main.o
                0x080035f8                main
 .text.HAL_MspInit
                0x080036fc       0x90 Src/stm32f1xx_hal_msp.o
                0x080036fc                HAL_MspInit
 .text.HAL_UART_MspInit
                0x0800378c       0x6c Src/stm32f1xx_hal_msp.o
                0x0800378c                HAL_UART_MspInit
 .text.HAL_InitTick
                0x080037f8       0x7c Src/stm32f1xx_hal_timebase_TIM.o
                0x080037f8                HAL_InitTick
 .text.NMI_Handler
                0x08003874        0x4 Src/stm32f1xx_it.o
                0x08003874                NMI_Handler
 .text.HardFault_Handler
                0x08003878        0x4 Src/stm32f1xx_it.o
                0x08003878                HardFault_Handler
 .text.MemManage_Handler
                0x0800387c        0x4 Src/stm32f1xx_it.o
                0x0800387c                MemManage_Handler
 .text.BusFault_Handler
                0x08003880        0x4 Src/stm32f1xx_it.o
                0x08003880                BusFault_Handler
 .text.UsageFault_Handler
                0x08003884        0x4 Src/stm32f1xx_it.o
                0x08003884                UsageFault_Handler
 .text.DebugMon_Handler
                0x08003888        0x4 Src/stm32f1xx_it.o
                0x08003888                DebugMon_Handler
 .text.SysTick_Handler
                0x0800388c        0x8 Src/stm32f1xx_it.o
                0x0800388c                SysTick_Handler
 .text.TIM3_IRQHandler
                0x08003894       0x10 Src/stm32f1xx_it.o
                0x08003894                TIM3_IRQHandler
 .text.USART1_IRQHandler
                0x080038a4       0x10 Src/stm32f1xx_it.o
                0x080038a4                USART1_IRQHandler
 .text.SystemInit
                0x080038b4       0x4c Src/system_stm32f1xx.o
                0x080038b4                SystemInit
 .text.Reset_Handler
                0x08003900       0x48 startup/startup_stm32f103xb.o
                0x08003900                Reset_Handler
 .text.Default_Handler
                0x08003948        0x2 startup/startup_stm32f103xb.o
                0x08003948                RTC_Alarm_IRQHandler
                0x08003948                EXTI2_IRQHandler
                0x08003948                TIM1_CC_IRQHandler
                0x08003948                PVD_IRQHandler
                0x08003948                EXTI3_IRQHandler
                0x08003948                EXTI0_IRQHandler
                0x08003948                I2C2_EV_IRQHandler
                0x08003948                ADC1_2_IRQHandler
                0x08003948                SPI1_IRQHandler
                0x08003948                TAMPER_IRQHandler
                0x08003948                DMA1_Channel4_IRQHandler
                0x08003948                USART3_IRQHandler
                0x08003948                RTC_IRQHandler
                0x08003948                DMA1_Channel7_IRQHandler
                0x08003948                CAN1_RX1_IRQHandler
                0x08003948                TIM4_IRQHandler
                0x08003948                I2C1_EV_IRQHandler
                0x08003948                DMA1_Channel6_IRQHandler
                0x08003948                RCC_IRQHandler
                0x08003948                TIM1_TRG_COM_IRQHandler
                0x08003948                DMA1_Channel1_IRQHandler
                0x08003948                Default_Handler
                0x08003948                EXTI15_10_IRQHandler
                0x08003948                EXTI9_5_IRQHandler
                0x08003948                SPI2_IRQHandler
                0x08003948                DMA1_Channel5_IRQHandler
                0x08003948                EXTI4_IRQHandler
                0x08003948                USB_LP_CAN1_RX0_IRQHandler
                0x08003948                USB_HP_CAN1_TX_IRQHandler
                0x08003948                DMA1_Channel3_IRQHandler
                0x08003948                TIM1_UP_IRQHandler
                0x08003948                WWDG_IRQHandler
                0x08003948                TIM2_IRQHandler
                0x08003948                TIM1_BRK_IRQHandler
                0x08003948                EXTI1_IRQHandler
                0x08003948                USART2_IRQHandler
                0x08003948                I2C2_ER_IRQHandler
                0x08003948                DMA1_Channel2_IRQHandler
                0x08003948                CAN1_SCE_IRQHandler
                0x08003948                FLASH_IRQHandler
                0x08003948                I2C1_ER_IRQHandler
                0x08003948                USBWakeUp_IRQHandler
 *fill*         0x0800394a        0x2 
 .text.__errno  0x0800394c        0xc c:/ac6/systemworkbench/plugins/fr.ac6.mcu.externaltools.arm-none.win32_1.13.2.201705091103/tools/compiler/bin/../lib/gcc/arm-none-eabi/5.4.1/../../../../arm-none-eabi/lib/armv7-m\libc_nano.a(lib_a-errno.o)
                0x0800394c                __errno
 .text._cleanup_r
                0x08003958        0xc c:/ac6/systemworkbench/plugins/fr.ac6.mcu.externaltools.arm-none.win32_1.13.2.201705091103/tools/compiler/bin/../lib/gcc/arm-none-eabi/5.4.1/../../../../arm-none-eabi/lib/armv7-m\libc_nano.a(lib_a-findfp.o)
                0x08003958                _cleanup_r
 .text.std.isra.0
                0x08003964       0x48 c:/ac6/systemworkbench/plugins/fr.ac6.mcu.externaltools.arm-none.win32_1.13.2.201705091103/tools/compiler/bin/../lib/gcc/arm-none-eabi/5.4.1/../../../../arm-none-eabi/lib/armv7-m\libc_nano.a(lib_a-findfp.o)
 .text.__sfmoreglue
                0x080039ac       0x2c c:/ac6/systemworkbench/plugins/fr.ac6.mcu.externaltools.arm-none.win32_1.13.2.201705091103/tools/compiler/bin/../lib/gcc/arm-none-eabi/5.4.1/../../../../arm-none-eabi/lib/armv7-m\libc_nano.a(lib_a-findfp.o)
                0x080039ac                __sfmoreglue
 .text.__sinit  0x080039d8       0x60 c:/ac6/systemworkbench/plugins/fr.ac6.mcu.externaltools.arm-none.win32_1.13.2.201705091103/tools/compiler/bin/../lib/gcc/arm-none-eabi/5.4.1/../../../../arm-none-eabi/lib/armv7-m\libc_nano.a(lib_a-findfp.o)
                0x080039d8                __sinit
 .text.__sfp    0x08003a38       0x78 c:/ac6/systemworkbench/plugins/fr.ac6.mcu.externaltools.arm-none.win32_1.13.2.201705091103/tools/compiler/bin/../lib/gcc/arm-none-eabi/5.4.1/../../../../arm-none-eabi/lib/armv7-m\libc_nano.a(lib_a-findfp.o)
                0x08003a38                __sfp
 .text._fwalk_reent
                0x08003ab0       0x3c c:/ac6/systemworkbench/plugins/fr.ac6.mcu.externaltools.arm-none.win32_1.13.2.201705091103/tools/compiler/bin/../lib/gcc/arm-none-eabi/5.4.1/../../../../arm-none-eabi/lib/armv7-m\libc_nano.a(lib_a-fwalk.o)
                0x08003ab0                _fwalk_reent
 .text.memcpy   0x08003aec       0x16 c:/ac6/systemworkbench/plugins/fr.ac6.mcu.externaltools.arm-none.win32_1.13.2.201705091103/tools/compiler/bin/../lib/gcc/arm-none-eabi/5.4.1/../../../../arm-none-eabi/lib/armv7-m\libc_nano.a(lib_a-memcpy-stub.o)
                0x08003aec                memcpy
 *fill*         0x08003b02        0x2 
 .text._malloc_r
                0x08003b04       0xbc c:/ac6/systemworkbench/plugins/fr.ac6.mcu.externaltools.arm-none.win32_1.13.2.201705091103/tools/compiler/bin/../lib/gcc/arm-none-eabi/5.4.1/../../../../arm-none-eabi/lib/armv7-m\libc_nano.a(lib_a-nano-mallocr.o)
                0x08003b04                _malloc_r
 .text.printf   0x08003bc0       0x30 c:/ac6/systemworkbench/plugins/fr.ac6.mcu.externaltools.arm-none.win32_1.13.2.201705091103/tools/compiler/bin/../lib/gcc/arm-none-eabi/5.4.1/../../../../arm-none-eabi/lib/armv7-m\libc_nano.a(lib_a-printf.o)
                0x08003bc0                iprintf
                0x08003bc0                printf
 .text._puts_r  0x08003bf0       0xb4 c:/ac6/systemworkbench/plugins/fr.ac6.mcu.externaltools.arm-none.win32_1.13.2.201705091103/tools/compiler/bin/../lib/gcc/arm-none-eabi/5.4.1/../../../../arm-none-eabi/lib/armv7-m\libc_nano.a(lib_a-puts.o)
                0x08003bf0                _puts_r
 .text.puts     0x08003ca4       0x10 c:/ac6/systemworkbench/plugins/fr.ac6.mcu.externaltools.arm-none.win32_1.13.2.201705091103/tools/compiler/bin/../lib/gcc/arm-none-eabi/5.4.1/../../../../arm-none-eabi/lib/armv7-m\libc_nano.a(lib_a-puts.o)
                0x08003ca4                puts
 .text._sbrk_r  0x08003cb4       0x20 c:/ac6/systemworkbench/plugins/fr.ac6.mcu.externaltools.arm-none.win32_1.13.2.201705091103/tools/compiler/bin/../lib/gcc/arm-none-eabi/5.4.1/../../../../arm-none-eabi/lib/armv7-m\libc_nano.a(lib_a-sbrkr.o)
                0x08003cb4                _sbrk_r
 .text.__sread  0x08003cd4       0x22 c:/ac6/systemworkbench/plugins/fr.ac6.mcu.externaltools.arm-none.win32_1.13.2.201705091103/tools/compiler/bin/../lib/gcc/arm-none-eabi/5.4.1/../../../../arm-none-eabi/lib/armv7-m\libc_nano.a(lib_a-stdio.o)
                0x08003cd4                __sread
 .text.__swrite
                0x08003cf6       0x38 c:/ac6/systemworkbench/plugins/fr.ac6.mcu.externaltools.arm-none.win32_1.13.2.201705091103/tools/compiler/bin/../lib/gcc/arm-none-eabi/5.4.1/../../../../arm-none-eabi/lib/armv7-m\libc_nano.a(lib_a-stdio.o)
                0x08003cf6                __swrite
 .text.__sseek  0x08003d2e       0x24 c:/ac6/systemworkbench/plugins/fr.ac6.mcu.externaltools.arm-none.win32_1.13.2.201705091103/tools/compiler/bin/../lib/gcc/arm-none-eabi/5.4.1/../../../../arm-none-eabi/lib/armv7-m\libc_nano.a(lib_a-stdio.o)
                0x08003d2e                __sseek
 .text.__sclose
                0x08003d52        0x8 c:/ac6/systemworkbench/plugins/fr.ac6.mcu.externaltools.arm-none.win32_1.13.2.201705091103/tools/compiler/bin/../lib/gcc/arm-none-eabi/5.4.1/../../../../arm-none-eabi/lib/armv7-m\libc_nano.a(lib_a-stdio.o)
                0x08003d52                __sclose
 *fill*         0x08003d5a        0x2 
 .text.__swbuf_r
                0x08003d5c       0xa8 c:/ac6/systemworkbench/plugins/fr.ac6.mcu.externaltools.arm-none.win32_1.13.2.201705091103/tools/compiler/bin/../lib/gcc/arm-none-eabi/5.4.1/../../../../arm-none-eabi/lib/armv7-m\libc_nano.a(lib_a-wbuf.o)
                0x08003d5c                __swbuf_r
 .text._write_r
                0x08003e04       0x24 c:/ac6/systemworkbench/plugins/fr.ac6.mcu.externaltools.arm-none.win32_1.13.2.201705091103/tools/compiler/bin/../lib/gcc/arm-none-eabi/5.4.1/../../../../arm-none-eabi/lib/armv7-m\libc_nano.a(lib_a-writer.o)
                0x08003e04                _write_r
 .text.__swsetup_r
                0x08003e28       0xdc c:/ac6/systemworkbench/plugins/fr.ac6.mcu.externaltools.arm-none.win32_1.13.2.201705091103/tools/compiler/bin/../lib/gcc/arm-none-eabi/5.4.1/../../../../arm-none-eabi/lib/armv7-m\libc_nano.a(lib_a-wsetup.o)
                0x08003e28                __swsetup_r
 .text._close_r
                0x08003f04       0x20 c:/ac6/systemworkbench/plugins/fr.ac6.mcu.externaltools.arm-none.win32_1.13.2.201705091103/tools/compiler/bin/../lib/gcc/arm-none-eabi/5.4.1/../../../../arm-none-eabi/lib/armv7-m\libc_nano.a(lib_a-closer.o)
                0x08003f04                _close_r
 .text.__sflush_r
                0x08003f24      0x10c c:/ac6/systemworkbench/plugins/fr.ac6.mcu.externaltools.arm-none.win32_1.13.2.201705091103/tools/compiler/bin/../lib/gcc/arm-none-eabi/5.4.1/../../../../arm-none-eabi/lib/armv7-m\libc_nano.a(lib_a-fflush.o)
                0x08003f24                __sflush_r
 .text._fflush_r
                0x08004030       0x54 c:/ac6/systemworkbench/plugins/fr.ac6.mcu.externaltools.arm-none.win32_1.13.2.201705091103/tools/compiler/bin/../lib/gcc/arm-none-eabi/5.4.1/../../../../arm-none-eabi/lib/armv7-m\libc_nano.a(lib_a-fflush.o)
                0x08004030                _fflush_r
 .text._lseek_r
                0x08004084       0x24 c:/ac6/systemworkbench/plugins/fr.ac6.mcu.externaltools.arm-none.win32_1.13.2.201705091103/tools/compiler/bin/../lib/gcc/arm-none-eabi/5.4.1/../../../../arm-none-eabi/lib/armv7-m\libc_nano.a(lib_a-lseekr.o)
                0x08004084                _lseek_r
 .text.__swhatbuf_r
                0x080040a8       0x46 c:/ac6/systemworkbench/plugins/fr.ac6.mcu.externaltools.arm-none.win32_1.13.2.201705091103/tools/compiler/bin/../lib/gcc/arm-none-eabi/5.4.1/../../../../arm-none-eabi/lib/armv7-m\libc_nano.a(lib_a-makebuf.o)
                0x080040a8                __swhatbuf_r
 *fill*         0x080040ee        0x2 
 .text.__smakebuf_r
                0x080040f0       0x78 c:/ac6/systemworkbench/plugins/fr.ac6.mcu.externaltools.arm-none.win32_1.13.2.201705091103/tools/compiler/bin/../lib/gcc/arm-none-eabi/5.4.1/../../../../arm-none-eabi/lib/armv7-m\libc_nano.a(lib_a-makebuf.o)
                0x080040f0                __smakebuf_r
 .text.__malloc_lock
                0x08004168        0x2 c:/ac6/systemworkbench/plugins/fr.ac6.mcu.externaltools.arm-none.win32_1.13.2.201705091103/tools/compiler/bin/../lib/gcc/arm-none-eabi/5.4.1/../../../../arm-none-eabi/lib/armv7-m\libc_nano.a(lib_a-mlock.o)
                0x08004168                __malloc_lock
 .text.__malloc_unlock
                0x0800416a        0x2 c:/ac6/systemworkbench/plugins/fr.ac6.mcu.externaltools.arm-none.win32_1.13.2.201705091103/tools/compiler/bin/../lib/gcc/arm-none-eabi/5.4.1/../../../../arm-none-eabi/lib/armv7-m\libc_nano.a(lib_a-mlock.o)
                0x0800416a                __malloc_unlock
 .text._free_r  0x0800416c       0x98 c:/ac6/systemworkbench/plugins/fr.ac6.mcu.externaltools.arm-none.win32_1.13.2.201705091103/tools/compiler/bin/../lib/gcc/arm-none-eabi/5.4.1/../../../../arm-none-eabi/lib/armv7-m\libc_nano.a(lib_a-nano-freer.o)
                0x0800416c                _free_r
 .text.__sfputc_r
                0x08004204       0x2c c:/ac6/systemworkbench/plugins/fr.ac6.mcu.externaltools.arm-none.win32_1.13.2.201705091103/tools/compiler/bin/../lib/gcc/arm-none-eabi/5.4.1/../../../../arm-none-eabi/lib/armv7-m\libc_nano.a(lib_a-nano-vfprintf.o)
 .text.__sfputs_r
                0x08004230       0x24 c:/ac6/systemworkbench/plugins/fr.ac6.mcu.externaltools.arm-none.win32_1.13.2.201705091103/tools/compiler/bin/../lib/gcc/arm-none-eabi/5.4.1/../../../../arm-none-eabi/lib/armv7-m\libc_nano.a(lib_a-nano-vfprintf.o)
                0x08004230                __sfputs_r
 .text._vfprintf_r
                0x08004254      0x238 c:/ac6/systemworkbench/plugins/fr.ac6.mcu.externaltools.arm-none.win32_1.13.2.201705091103/tools/compiler/bin/../lib/gcc/arm-none-eabi/5.4.1/../../../../arm-none-eabi/lib/armv7-m\libc_nano.a(lib_a-nano-vfprintf.o)
                0x08004254                _vfprintf_r
                0x08004254                _vfiprintf_r
 .text._printf_common
                0x0800448c       0xec c:/ac6/systemworkbench/plugins/fr.ac6.mcu.externaltools.arm-none.win32_1.13.2.201705091103/tools/compiler/bin/../lib/gcc/arm-none-eabi/5.4.1/../../../../arm-none-eabi/lib/armv7-m\libc_nano.a(lib_a-nano-vfprintf_i.o)
                0x0800448c                _printf_common
 .text._printf_i
                0x08004578      0x24c c:/ac6/systemworkbench/plugins/fr.ac6.mcu.externaltools.arm-none.win32_1.13.2.201705091103/tools/compiler/bin/../lib/gcc/arm-none-eabi/5.4.1/../../../../arm-none-eabi/lib/armv7-m\libc_nano.a(lib_a-nano-vfprintf_i.o)
                0x08004578                _printf_i
 .text._read_r  0x080047c4       0x24 c:/ac6/systemworkbench/plugins/fr.ac6.mcu.externaltools.arm-none.win32_1.13.2.201705091103/tools/compiler/bin/../lib/gcc/arm-none-eabi/5.4.1/../../../../arm-none-eabi/lib/armv7-m\libc_nano.a(lib_a-readr.o)
                0x080047c4                _read_r
 .text._fstat_r
                0x080047e8       0x24 c:/ac6/systemworkbench/plugins/fr.ac6.mcu.externaltools.arm-none.win32_1.13.2.201705091103/tools/compiler/bin/../lib/gcc/arm-none-eabi/5.4.1/../../../../arm-none-eabi/lib/armv7-m\libc_nano.a(lib_a-fstatr.o)
                0x080047e8                _fstat_r
 .text._isatty_r
                0x0800480c       0x20 c:/ac6/systemworkbench/plugins/fr.ac6.mcu.externaltools.arm-none.win32_1.13.2.201705091103/tools/compiler/bin/../lib/gcc/arm-none-eabi/5.4.1/../../../../arm-none-eabi/lib/armv7-m\libc_nano.a(lib_a-isattyr.o)
                0x0800480c                _isatty_r
 .text.memchr   0x0800482c       0x1c c:/ac6/systemworkbench/plugins/fr.ac6.mcu.externaltools.arm-none.win32_1.13.2.201705091103/tools/compiler/bin/../lib/gcc/arm-none-eabi/5.4.1/../../../../arm-none-eabi/lib/armv7-m\libc_nano.a(lib_a-memchr-stub.o)
                0x0800482c                memchr
 *(.glue_7)
 .glue_7        0x08004848        0x0 linker stubs
 *(.glue_7t)
 .glue_7t       0x08004848        0x0 linker stubs
 *(.eh_frame)
 .eh_frame      0x08004848        0x0 c:/ac6/systemworkbench/plugins/fr.ac6.mcu.externaltools.arm-none.win32_1.13.2.201705091103/tools/compiler/bin/../lib/gcc/arm-none-eabi/5.4.1/armv7-m/crtbegin.o
 *(.init)
 .init          0x08004848        0x4 c:/ac6/systemworkbench/plugins/fr.ac6.mcu.externaltools.arm-none.win32_1.13.2.201705091103/tools/compiler/bin/../lib/gcc/arm-none-eabi/5.4.1/armv7-m/crti.o
                0x08004848                _init
 .init          0x0800484c        0x8 c:/ac6/systemworkbench/plugins/fr.ac6.mcu.externaltools.arm-none.win32_1.13.2.201705091103/tools/compiler/bin/../lib/gcc/arm-none-eabi/5.4.1/armv7-m/crtn.o
 *(.fini)
 .fini          0x08004854        0x4 c:/ac6/systemworkbench/plugins/fr.ac6.mcu.externaltools.arm-none.win32_1.13.2.201705091103/tools/compiler/bin/../lib/gcc/arm-none-eabi/5.4.1/armv7-m/crti.o
                0x08004854                _fini
 .fini          0x08004858        0x8 c:/ac6/systemworkbench/plugins/fr.ac6.mcu.externaltools.arm-none.win32_1.13.2.201705091103/tools/compiler/bin/../lib/gcc/arm-none-eabi/5.4.1/armv7-m/crtn.o
                0x08004860                . = ALIGN (0x4)
                0x08004860                _etext = .

.vfp11_veneer   0x08004860        0x0
 .vfp11_veneer  0x08004860        0x0 linker stubs

.v4_bx          0x08004860        0x0
 .v4_bx         0x08004860        0x0 linker stubs

.iplt           0x08004860        0x0
 .iplt          0x08004860        0x0 c:/ac6/systemworkbench/plugins/fr.ac6.mcu.externaltools.arm-none.win32_1.13.2.201705091103/tools/compiler/bin/../lib/gcc/arm-none-eabi/5.4.1/armv7-m/crtbegin.o

.rodata         0x08004860      0x1cc
                0x08004860                . = ALIGN (0x4)
 *(.rodata)
 .rodata        0x08004860       0x12 Drivers/STM32F1xx_HAL_Driver/Src/stm32f1xx_hal_rcc.o
 *fill*         0x08004872        0x2 
 .rodata        0x08004874       0x44 Src/main.o
 .rodata        0x080048b8       0x18 Src/system_stm32f1xx.o
                0x080048b8                AHBPrescTable
                0x080048c8                APBPrescTable
 *(.rodata*)
 .rodata._global_impure_ptr
                0x080048d0        0x4 c:/ac6/systemworkbench/plugins/fr.ac6.mcu.externaltools.arm-none.win32_1.13.2.201705091103/tools/compiler/bin/../lib/gcc/arm-none-eabi/5.4.1/../../../../arm-none-eabi/lib/armv7-m\libc_nano.a(lib_a-impure.o)
                0x080048d0                _global_impure_ptr
 .rodata.str1.1
                0x080048d4        0x4 c:/ac6/systemworkbench/plugins/fr.ac6.mcu.externaltools.arm-none.win32_1.13.2.201705091103/tools/compiler/bin/../lib/gcc/arm-none-eabi/5.4.1/../../../../arm-none-eabi/lib/armv7-m\librdimon_nano.a(rdimon-syscalls.o)
 .rodata.str1.4
                0x080048d8        0x5 Middlewares/Third_Party/FreeRTOS/Source/tasks.o
 *fill*         0x080048dd        0x3 
 .rodata.str1.4
                0x080048e0       0x10 Middlewares/Third_Party/FreeRTOS/Source/timers.o
 .rodata.str1.4
                0x080048f0       0xa8 Src/main.o
 .rodata.__sf_fake_stdin
                0x08004998       0x20 c:/ac6/systemworkbench/plugins/fr.ac6.mcu.externaltools.arm-none.win32_1.13.2.201705091103/tools/compiler/bin/../lib/gcc/arm-none-eabi/5.4.1/../../../../arm-none-eabi/lib/armv7-m\libc_nano.a(lib_a-findfp.o)
                0x08004998                __sf_fake_stdin
 .rodata.__sf_fake_stdout
                0x080049b8       0x20 c:/ac6/systemworkbench/plugins/fr.ac6.mcu.externaltools.arm-none.win32_1.13.2.201705091103/tools/compiler/bin/../lib/gcc/arm-none-eabi/5.4.1/../../../../arm-none-eabi/lib/armv7-m\libc_nano.a(lib_a-findfp.o)
                0x080049b8                __sf_fake_stdout
 .rodata.__sf_fake_stderr
                0x080049d8       0x20 c:/ac6/systemworkbench/plugins/fr.ac6.mcu.externaltools.arm-none.win32_1.13.2.201705091103/tools/compiler/bin/../lib/gcc/arm-none-eabi/5.4.1/../../../../arm-none-eabi/lib/armv7-m\libc_nano.a(lib_a-findfp.o)
                0x080049d8                __sf_fake_stderr
 .rodata.str1.1
                0x080049f8       0x11 c:/ac6/systemworkbench/plugins/fr.ac6.mcu.externaltools.arm-none.win32_1.13.2.201705091103/tools/compiler/bin/../lib/gcc/arm-none-eabi/5.4.1/../../../../arm-none-eabi/lib/armv7-m\libc_nano.a(lib_a-nano-vfprintf.o)
 .rodata.str1.1
                0x08004a09       0x22 c:/ac6/systemworkbench/plugins/fr.ac6.mcu.externaltools.arm-none.win32_1.13.2.201705091103/tools/compiler/bin/../lib/gcc/arm-none-eabi/5.4.1/../../../../arm-none-eabi/lib/armv7-m\libc_nano.a(lib_a-nano-vfprintf_i.o)
                0x08004a2c                . = ALIGN (0x4)
 *fill*         0x08004a2b        0x1 

.rel.dyn        0x08004a2c        0x0
 .rel.iplt      0x08004a2c        0x0 c:/ac6/systemworkbench/plugins/fr.ac6.mcu.externaltools.arm-none.win32_1.13.2.201705091103/tools/compiler/bin/../lib/gcc/arm-none-eabi/5.4.1/armv7-m/crtbegin.o

.ARM.extab
 *(.ARM.extab* .gnu.linkonce.armextab.*)

.ARM            0x08004a2c        0x0
                0x08004a2c                __exidx_start = .
 *(.ARM.exidx*)
                0x08004a2c                __exidx_end = .

.preinit_array  0x08004a2c        0x0
                0x08004a2c                PROVIDE (__preinit_array_start, .)
 *(.preinit_array*)
                0x08004a2c                PROVIDE (__preinit_array_end, .)

.init_array     0x08004a2c        0x4
                0x08004a2c                PROVIDE (__init_array_start, .)
 *(SORT(.init_array.*))
 *(.init_array*)
 .init_array    0x08004a2c        0x4 c:/ac6/systemworkbench/plugins/fr.ac6.mcu.externaltools.arm-none.win32_1.13.2.201705091103/tools/compiler/bin/../lib/gcc/arm-none-eabi/5.4.1/armv7-m/crtbegin.o
                0x08004a30                PROVIDE (__init_array_end, .)

.fini_array     0x08004a30        0x4
                [!provide]                PROVIDE (__fini_array_start, .)
 *(SORT(.fini_array.*))
 *(.fini_array*)
 .fini_array    0x08004a30        0x4 c:/ac6/systemworkbench/plugins/fr.ac6.mcu.externaltools.arm-none.win32_1.13.2.201705091103/tools/compiler/bin/../lib/gcc/arm-none-eabi/5.4.1/armv7-m/crtbegin.o
                [!provide]                PROVIDE (__fini_array_end, .)
                0x08004a34                _sidata = LOADADDR (.data)

.data           0x20000000       0x70 load address 0x08004a34
                0x20000000                . = ALIGN (0x4)
                0x20000000                _sdata = .
 *(.data)
 .data          0x20000000        0x4 Middlewares/Third_Party/FreeRTOS/Source/portable/GCC/ARM_CM3/port.o
 .data          0x20000004        0x4 Src/system_stm32f1xx.o
                0x20000004                SystemCoreClock
 *(.data*)
 .data.impure_data
                0x20000008       0x60 c:/ac6/systemworkbench/plugins/fr.ac6.mcu.externaltools.arm-none.win32_1.13.2.201705091103/tools/compiler/bin/../lib/gcc/arm-none-eabi/5.4.1/../../../../arm-none-eabi/lib/armv7-m\libc_nano.a(lib_a-impure.o)
 .data._impure_ptr
                0x20000068        0x4 c:/ac6/systemworkbench/plugins/fr.ac6.mcu.externaltools.arm-none.win32_1.13.2.201705091103/tools/compiler/bin/../lib/gcc/arm-none-eabi/5.4.1/../../../../arm-none-eabi/lib/armv7-m\libc_nano.a(lib_a-impure.o)
                0x20000068                _impure_ptr
 .data.__heap_limit
                0x2000006c        0x4 c:/ac6/systemworkbench/plugins/fr.ac6.mcu.externaltools.arm-none.win32_1.13.2.201705091103/tools/compiler/bin/../lib/gcc/arm-none-eabi/5.4.1/../../../../arm-none-eabi/lib/armv7-m\librdimon_nano.a(rdimon-syscalls.o)
                0x2000006c                __heap_limit
                0x20000070                . = ALIGN (0x4)
                0x20000070                _edata = .

.jcr            0x20000070        0x0 load address 0x08004aa4
 .jcr           0x20000070        0x0 c:/ac6/systemworkbench/plugins/fr.ac6.mcu.externaltools.arm-none.win32_1.13.2.201705091103/tools/compiler/bin/../lib/gcc/arm-none-eabi/5.4.1/armv7-m/crtbegin.o

.igot.plt       0x20000070        0x0 load address 0x08004aa4
 .igot.plt      0x20000070        0x0 c:/ac6/systemworkbench/plugins/fr.ac6.mcu.externaltools.arm-none.win32_1.13.2.201705091103/tools/compiler/bin/../lib/gcc/arm-none-eabi/5.4.1/armv7-m/crtbegin.o
                0x20000070                . = ALIGN (0x4)

.bss            0x20000070     0x1b40 load address 0x08004aa4
                0x20000070                _sbss = .
                0x20000070                __bss_start__ = _sbss
 *(.bss)
 .bss           0x20000070       0x1c c:/ac6/systemworkbench/plugins/fr.ac6.mcu.externaltools.arm-none.win32_1.13.2.201705091103/tools/compiler/bin/../lib/gcc/arm-none-eabi/5.4.1/armv7-m/crtbegin.o
 .bss           0x2000008c        0x4 Drivers/STM32F1xx_HAL_Driver/Src/stm32f1xx_hal.o
 .bss           0x20000090      0x128 Middlewares/Third_Party/FreeRTOS/Source/tasks.o
                0x2000018c                pxCurrentTCB
 .bss           0x200001b8       0x38 Middlewares/Third_Party/FreeRTOS/Source/timers.o
 .bss           0x200001f0        0x8 Middlewares/Third_Party/FreeRTOS/Source/portable/GCC/ARM_CM3/port.o
 .bss           0x200001f8     0x1818 Middlewares/Third_Party/FreeRTOS/Source/portable/MemMang/heap_4.o
 .bss           0x20001a10        0x4 Src/main.o
                0x20001a10                obj
 *(.bss*)
 .bss.monitor_stdout
                0x20001a14        0x4 c:/ac6/systemworkbench/plugins/fr.ac6.mcu.externaltools.arm-none.win32_1.13.2.201705091103/tools/compiler/bin/../lib/gcc/arm-none-eabi/5.4.1/../../../../arm-none-eabi/lib/armv7-m\librdimon_nano.a(rdimon-syscalls.o)
 .bss.monitor_stdin
                0x20001a18        0x4 c:/ac6/systemworkbench/plugins/fr.ac6.mcu.externaltools.arm-none.win32_1.13.2.201705091103/tools/compiler/bin/../lib/gcc/arm-none-eabi/5.4.1/../../../../arm-none-eabi/lib/armv7-m\librdimon_nano.a(rdimon-syscalls.o)
 .bss.heap_end.6208
                0x20001a1c        0x4 c:/ac6/systemworkbench/plugins/fr.ac6.mcu.externaltools.arm-none.win32_1.13.2.201705091103/tools/compiler/bin/../lib/gcc/arm-none-eabi/5.4.1/../../../../arm-none-eabi/lib/armv7-m\librdimon_nano.a(rdimon-syscalls.o)
 .bss.monitor_stderr
                0x20001a20        0x4 c:/ac6/systemworkbench/plugins/fr.ac6.mcu.externaltools.arm-none.win32_1.13.2.201705091103/tools/compiler/bin/../lib/gcc/arm-none-eabi/5.4.1/../../../../arm-none-eabi/lib/armv7-m\librdimon_nano.a(rdimon-syscalls.o)
 .bss.openfiles
                0x20001a24       0xa0 c:/ac6/systemworkbench/plugins/fr.ac6.mcu.externaltools.arm-none.win32_1.13.2.201705091103/tools/compiler/bin/../lib/gcc/arm-none-eabi/5.4.1/../../../../arm-none-eabi/lib/armv7-m\librdimon_nano.a(rdimon-syscalls.o)
 .bss.__malloc_sbrk_start
                0x20001ac4        0x4 c:/ac6/systemworkbench/plugins/fr.ac6.mcu.externaltools.arm-none.win32_1.13.2.201705091103/tools/compiler/bin/../lib/gcc/arm-none-eabi/5.4.1/../../../../arm-none-eabi/lib/armv7-m\libc_nano.a(lib_a-nano-mallocr.o)
                0x20001ac4                __malloc_sbrk_start
 .bss.__malloc_free_list
                0x20001ac8        0x4 c:/ac6/systemworkbench/plugins/fr.ac6.mcu.externaltools.arm-none.win32_1.13.2.201705091103/tools/compiler/bin/../lib/gcc/arm-none-eabi/5.4.1/../../../../arm-none-eabi/lib/armv7-m\libc_nano.a(lib_a-nano-mallocr.o)
                0x20001ac8                __malloc_free_list
 *(COMMON)
 COMMON         0x20001acc       0x40 Middlewares/Third_Party/FreeRTOS/Source/queue.o
                0x20001acc                xQueueRegistry
 COMMON         0x20001b0c       0x64 Src/main.o
                0x20001b0c                consumerHandle
                0x20001b10                defaultTaskHandle
                0x20001b14                qMutexHandle
                0x20001b18                huart1
                0x20001b58                mailMutexHandle
                0x20001b5c                producerHandle
                0x20001b60                mailBoxHandler
                0x20001b64                itemSempHandle
                0x20001b68                itemQueueHandle
                0x20001b6c                slotSempHandle
 COMMON         0x20001b70       0x3c Src/stm32f1xx_hal_timebase_TIM.o
                0x20001b70                htim3
 COMMON         0x20001bac        0x4 c:/ac6/systemworkbench/plugins/fr.ac6.mcu.externaltools.arm-none.win32_1.13.2.201705091103/tools/compiler/bin/../lib/gcc/arm-none-eabi/5.4.1/../../../../arm-none-eabi/lib/armv7-m\libc_nano.a(lib_a-reent.o)
                0x20001bac                errno
                0x20001bb0                . = ALIGN (0x4)
                0x20001bb0                _ebss = .
                0x20001bb0                __bss_end__ = _ebss

._user_heap_stack
                0x20001bb0      0x600 load address 0x08004aa4
                0x20001bb0                . = ALIGN (0x8)
                0x20001bb0                PROVIDE (end, .)
                [!provide]                PROVIDE (_end, .)
                0x20001db0                . = (. + _Min_Heap_Size)
 *fill*         0x20001bb0      0x200 
                0x200021b0                . = (. + _Min_Stack_Size)
 *fill*         0x20001db0      0x400 
                0x200021b0                . = ALIGN (0x8)

/DISCARD/
 libc.a(*)
 libm.a(*)
 libgcc.a(*)

.ARM.attributes
                0x00000000       0x29
 *(.ARM.attributes)
 .ARM.attributes
                0x00000000       0x1d c:/ac6/systemworkbench/plugins/fr.ac6.mcu.externaltools.arm-none.win32_1.13.2.201705091103/tools/compiler/bin/../lib/gcc/arm-none-eabi/5.4.1/armv7-m/crti.o
 .ARM.attributes
                0x0000001d       0x2d c:/ac6/systemworkbench/plugins/fr.ac6.mcu.externaltools.arm-none.win32_1.13.2.201705091103/tools/compiler/bin/../lib/gcc/arm-none-eabi/5.4.1/armv7-m/crtbegin.o
 .ARM.attributes
                0x0000004a       0x2d c:/ac6/systemworkbench/plugins/fr.ac6.mcu.externaltools.arm-none.win32_1.13.2.201705091103/tools/compiler/bin/../lib/gcc/arm-none-eabi/5.4.1/../../../../arm-none-eabi/lib/armv7-m\libc_nano.a(lib_a-impure.o)
 .ARM.attributes
                0x00000077       0x2d c:/ac6/systemworkbench/plugins/fr.ac6.mcu.externaltools.arm-none.win32_1.13.2.201705091103/tools/compiler/bin/../lib/gcc/arm-none-eabi/5.4.1/../../../../arm-none-eabi/lib/armv7-m\libc_nano.a(lib_a-init.o)
 .ARM.attributes
                0x000000a4       0x2d c:/ac6/systemworkbench/plugins/fr.ac6.mcu.externaltools.arm-none.win32_1.13.2.201705091103/tools/compiler/bin/../lib/gcc/arm-none-eabi/5.4.1/../../../../arm-none-eabi/lib/armv7-m\libc_nano.a(lib_a-memset.o)
 .ARM.attributes
                0x000000d1       0x2d c:/ac6/systemworkbench/plugins/fr.ac6.mcu.externaltools.arm-none.win32_1.13.2.201705091103/tools/compiler/bin/../lib/gcc/arm-none-eabi/5.4.1/../../../../arm-none-eabi/lib/armv7-m\librdimon_nano.a(rdimon-syscalls.o)
 .ARM.attributes
                0x000000fe       0x33 Drivers/STM32F1xx_HAL_Driver/Src/stm32f1xx_hal.o
 .ARM.attributes
                0x00000131       0x33 Drivers/STM32F1xx_HAL_Driver/Src/stm32f1xx_hal_cortex.o
 .ARM.attributes
                0x00000164       0x33 Drivers/STM32F1xx_HAL_Driver/Src/stm32f1xx_hal_gpio.o
 .ARM.attributes
                0x00000197       0x33 Drivers/STM32F1xx_HAL_Driver/Src/stm32f1xx_hal_rcc.o
 .ARM.attributes
                0x000001ca       0x33 Drivers/STM32F1xx_HAL_Driver/Src/stm32f1xx_hal_tim.o
 .ARM.attributes
                0x000001fd       0x33 Drivers/STM32F1xx_HAL_Driver/Src/stm32f1xx_hal_tim_ex.o
 .ARM.attributes
                0x00000230       0x33 Drivers/STM32F1xx_HAL_Driver/Src/stm32f1xx_hal_uart.o
 .ARM.attributes
                0x00000263       0x33 Middlewares/Third_Party/FreeRTOS/Source/CMSIS_RTOS/cmsis_os.o
 .ARM.attributes
                0x00000296       0x33 Middlewares/Third_Party/FreeRTOS/Source/list.o
 .ARM.attributes
                0x000002c9       0x33 Middlewares/Third_Party/FreeRTOS/Source/queue.o
 .ARM.attributes
                0x000002fc       0x33 Middlewares/Third_Party/FreeRTOS/Source/tasks.o
 .ARM.attributes
                0x0000032f       0x33 Middlewares/Third_Party/FreeRTOS/Source/timers.o
 .ARM.attributes
                0x00000362       0x33 Middlewares/Third_Party/FreeRTOS/Source/portable/GCC/ARM_CM3/port.o
 .ARM.attributes
                0x00000395       0x33 Middlewares/Third_Party/FreeRTOS/Source/portable/MemMang/heap_4.o
 .ARM.attributes
                0x000003c8       0x33 Src/main.o
 .ARM.attributes
                0x000003fb       0x33 Src/stm32f1xx_hal_msp.o
 .ARM.attributes
                0x0000042e       0x33 Src/stm32f1xx_hal_timebase_TIM.o
 .ARM.attributes
                0x00000461       0x33 Src/stm32f1xx_it.o
 .ARM.attributes
                0x00000494       0x33 Src/system_stm32f1xx.o
 .ARM.attributes
                0x000004c7       0x21 startup/startup_stm32f103xb.o
 .ARM.attributes
                0x000004e8       0x2d c:/ac6/systemworkbench/plugins/fr.ac6.mcu.externaltools.arm-none.win32_1.13.2.201705091103/tools/compiler/bin/../lib/gcc/arm-none-eabi/5.4.1/../../../../arm-none-eabi/lib/armv7-m\libc_nano.a(lib_a-errno.o)
 .ARM.attributes
                0x00000515       0x2d c:/ac6/systemworkbench/plugins/fr.ac6.mcu.externaltools.arm-none.win32_1.13.2.201705091103/tools/compiler/bin/../lib/gcc/arm-none-eabi/5.4.1/../../../../arm-none-eabi/lib/armv7-m\libc_nano.a(lib_a-findfp.o)
 .ARM.attributes
                0x00000542       0x2d c:/ac6/systemworkbench/plugins/fr.ac6.mcu.externaltools.arm-none.win32_1.13.2.201705091103/tools/compiler/bin/../lib/gcc/arm-none-eabi/5.4.1/../../../../arm-none-eabi/lib/armv7-m\libc_nano.a(lib_a-fwalk.o)
 .ARM.attributes
                0x0000056f       0x2d c:/ac6/systemworkbench/plugins/fr.ac6.mcu.externaltools.arm-none.win32_1.13.2.201705091103/tools/compiler/bin/../lib/gcc/arm-none-eabi/5.4.1/../../../../arm-none-eabi/lib/armv7-m\libc_nano.a(lib_a-memcpy-stub.o)
 .ARM.attributes
                0x0000059c       0x2d c:/ac6/systemworkbench/plugins/fr.ac6.mcu.externaltools.arm-none.win32_1.13.2.201705091103/tools/compiler/bin/../lib/gcc/arm-none-eabi/5.4.1/../../../../arm-none-eabi/lib/armv7-m\libc_nano.a(lib_a-nano-mallocr.o)
 .ARM.attributes
                0x000005c9       0x2d c:/ac6/systemworkbench/plugins/fr.ac6.mcu.externaltools.arm-none.win32_1.13.2.201705091103/tools/compiler/bin/../lib/gcc/arm-none-eabi/5.4.1/../../../../arm-none-eabi/lib/armv7-m\libc_nano.a(lib_a-printf.o)
 .ARM.attributes
                0x000005f6       0x2d c:/ac6/systemworkbench/plugins/fr.ac6.mcu.externaltools.arm-none.win32_1.13.2.201705091103/tools/compiler/bin/../lib/gcc/arm-none-eabi/5.4.1/../../../../arm-none-eabi/lib/armv7-m\libc_nano.a(lib_a-puts.o)
 .ARM.attributes
                0x00000623       0x2d c:/ac6/systemworkbench/plugins/fr.ac6.mcu.externaltools.arm-none.win32_1.13.2.201705091103/tools/compiler/bin/../lib/gcc/arm-none-eabi/5.4.1/../../../../arm-none-eabi/lib/armv7-m\libc_nano.a(lib_a-sbrkr.o)
 .ARM.attributes
                0x00000650       0x2d c:/ac6/systemworkbench/plugins/fr.ac6.mcu.externaltools.arm-none.win32_1.13.2.201705091103/tools/compiler/bin/../lib/gcc/arm-none-eabi/5.4.1/../../../../arm-none-eabi/lib/armv7-m\libc_nano.a(lib_a-stdio.o)
 .ARM.attributes
                0x0000067d       0x2d c:/ac6/systemworkbench/plugins/fr.ac6.mcu.externaltools.arm-none.win32_1.13.2.201705091103/tools/compiler/bin/../lib/gcc/arm-none-eabi/5.4.1/../../../../arm-none-eabi/lib/armv7-m\libc_nano.a(lib_a-wbuf.o)
 .ARM.attributes
                0x000006aa       0x2d c:/ac6/systemworkbench/plugins/fr.ac6.mcu.externaltools.arm-none.win32_1.13.2.201705091103/tools/compiler/bin/../lib/gcc/arm-none-eabi/5.4.1/../../../../arm-none-eabi/lib/armv7-m\libc_nano.a(lib_a-writer.o)
 .ARM.attributes
                0x000006d7       0x2d c:/ac6/systemworkbench/plugins/fr.ac6.mcu.externaltools.arm-none.win32_1.13.2.201705091103/tools/compiler/bin/../lib/gcc/arm-none-eabi/5.4.1/../../../../arm-none-eabi/lib/armv7-m\libc_nano.a(lib_a-wsetup.o)
 .ARM.attributes
                0x00000704       0x2d c:/ac6/systemworkbench/plugins/fr.ac6.mcu.externaltools.arm-none.win32_1.13.2.201705091103/tools/compiler/bin/../lib/gcc/arm-none-eabi/5.4.1/../../../../arm-none-eabi/lib/armv7-m\libc_nano.a(lib_a-closer.o)
 .ARM.attributes
                0x00000731       0x2d c:/ac6/systemworkbench/plugins/fr.ac6.mcu.externaltools.arm-none.win32_1.13.2.201705091103/tools/compiler/bin/../lib/gcc/arm-none-eabi/5.4.1/../../../../arm-none-eabi/lib/armv7-m\libc_nano.a(lib_a-fflush.o)
 .ARM.attributes
                0x0000075e       0x2d c:/ac6/systemworkbench/plugins/fr.ac6.mcu.externaltools.arm-none.win32_1.13.2.201705091103/tools/compiler/bin/../lib/gcc/arm-none-eabi/5.4.1/../../../../arm-none-eabi/lib/armv7-m\libc_nano.a(lib_a-lseekr.o)
 .ARM.attributes
                0x0000078b       0x2d c:/ac6/systemworkbench/plugins/fr.ac6.mcu.externaltools.arm-none.win32_1.13.2.201705091103/tools/compiler/bin/../lib/gcc/arm-none-eabi/5.4.1/../../../../arm-none-eabi/lib/armv7-m\libc_nano.a(lib_a-makebuf.o)
 .ARM.attributes
                0x000007b8       0x2d c:/ac6/systemworkbench/plugins/fr.ac6.mcu.externaltools.arm-none.win32_1.13.2.201705091103/tools/compiler/bin/../lib/gcc/arm-none-eabi/5.4.1/../../../../arm-none-eabi/lib/armv7-m\libc_nano.a(lib_a-mlock.o)
 .ARM.attributes
                0x000007e5       0x2d c:/ac6/systemworkbench/plugins/fr.ac6.mcu.externaltools.arm-none.win32_1.13.2.201705091103/tools/compiler/bin/../lib/gcc/arm-none-eabi/5.4.1/../../../../arm-none-eabi/lib/armv7-m\libc_nano.a(lib_a-nano-freer.o)
 .ARM.attributes
                0x00000812       0x2d c:/ac6/systemworkbench/plugins/fr.ac6.mcu.externaltools.arm-none.win32_1.13.2.201705091103/tools/compiler/bin/../lib/gcc/arm-none-eabi/5.4.1/../../../../arm-none-eabi/lib/armv7-m\libc_nano.a(lib_a-nano-vfprintf.o)
 .ARM.attributes
                0x0000083f       0x2d c:/ac6/systemworkbench/plugins/fr.ac6.mcu.externaltools.arm-none.win32_1.13.2.201705091103/tools/compiler/bin/../lib/gcc/arm-none-eabi/5.4.1/../../../../arm-none-eabi/lib/armv7-m\libc_nano.a(lib_a-nano-vfprintf_i.o)
 .ARM.attributes
                0x0000086c       0x2d c:/ac6/systemworkbench/plugins/fr.ac6.mcu.externaltools.arm-none.win32_1.13.2.201705091103/tools/compiler/bin/../lib/gcc/arm-none-eabi/5.4.1/../../../../arm-none-eabi/lib/armv7-m\libc_nano.a(lib_a-readr.o)
 .ARM.attributes
                0x00000899       0x2d c:/ac6/systemworkbench/plugins/fr.ac6.mcu.externaltools.arm-none.win32_1.13.2.201705091103/tools/compiler/bin/../lib/gcc/arm-none-eabi/5.4.1/../../../../arm-none-eabi/lib/armv7-m\libc_nano.a(lib_a-reent.o)
 .ARM.attributes
                0x000008c6       0x2d c:/ac6/systemworkbench/plugins/fr.ac6.mcu.externaltools.arm-none.win32_1.13.2.201705091103/tools/compiler/bin/../lib/gcc/arm-none-eabi/5.4.1/../../../../arm-none-eabi/lib/armv7-m\libc_nano.a(lib_a-fstatr.o)
 .ARM.attributes
                0x000008f3       0x2d c:/ac6/systemworkbench/plugins/fr.ac6.mcu.externaltools.arm-none.win32_1.13.2.201705091103/tools/compiler/bin/../lib/gcc/arm-none-eabi/5.4.1/../../../../arm-none-eabi/lib/armv7-m\libc_nano.a(lib_a-isattyr.o)
 .ARM.attributes
                0x00000920       0x2d c:/ac6/systemworkbench/plugins/fr.ac6.mcu.externaltools.arm-none.win32_1.13.2.201705091103/tools/compiler/bin/../lib/gcc/arm-none-eabi/5.4.1/../../../../arm-none-eabi/lib/armv7-m\libc_nano.a(lib_a-memchr-stub.o)
 .ARM.attributes
                0x0000094d       0x1d c:/ac6/systemworkbench/plugins/fr.ac6.mcu.externaltools.arm-none.win32_1.13.2.201705091103/tools/compiler/bin/../lib/gcc/arm-none-eabi/5.4.1/armv7-m/crtn.o
OUTPUT(freeRTOS.elf elf32-littlearm)

.debug_frame    0x00000000     0x3458
 .debug_frame   0x00000000       0x2c c:/ac6/systemworkbench/plugins/fr.ac6.mcu.externaltools.arm-none.win32_1.13.2.201705091103/tools/compiler/bin/../lib/gcc/arm-none-eabi/5.4.1/../../../../arm-none-eabi/lib/armv7-m\libc_nano.a(lib_a-init.o)
 .debug_frame   0x0000002c       0x20 c:/ac6/systemworkbench/plugins/fr.ac6.mcu.externaltools.arm-none.win32_1.13.2.201705091103/tools/compiler/bin/../lib/gcc/arm-none-eabi/5.4.1/../../../../arm-none-eabi/lib/armv7-m\libc_nano.a(lib_a-memset.o)
 .debug_frame   0x0000004c      0x334 c:/ac6/systemworkbench/plugins/fr.ac6.mcu.externaltools.arm-none.win32_1.13.2.201705091103/tools/compiler/bin/../lib/gcc/arm-none-eabi/5.4.1/../../../../arm-none-eabi/lib/armv7-m\librdimon_nano.a(rdimon-syscalls.o)
 .debug_frame   0x00000380      0x168 Drivers/STM32F1xx_HAL_Driver/Src/stm32f1xx_hal.o
 .debug_frame   0x000004e8      0x124 Drivers/STM32F1xx_HAL_Driver/Src/stm32f1xx_hal_cortex.o
 .debug_frame   0x0000060c       0xc4 Drivers/STM32F1xx_HAL_Driver/Src/stm32f1xx_hal_gpio.o
 .debug_frame   0x000006d0      0x158 Drivers/STM32F1xx_HAL_Driver/Src/stm32f1xx_hal_rcc.o
 .debug_frame   0x00000828      0x9cc Drivers/STM32F1xx_HAL_Driver/Src/stm32f1xx_hal_tim.o
 .debug_frame   0x000011f4      0x3b8 Drivers/STM32F1xx_HAL_Driver/Src/stm32f1xx_hal_tim_ex.o
 .debug_frame   0x000015ac      0x378 Drivers/STM32F1xx_HAL_Driver/Src/stm32f1xx_hal_uart.o
 .debug_frame   0x00001924      0x558 Middlewares/Third_Party/FreeRTOS/Source/CMSIS_RTOS/cmsis_os.o
 .debug_frame   0x00001e7c       0x6c Middlewares/Third_Party/FreeRTOS/Source/list.o
 .debug_frame   0x00001ee8      0x2c4 Middlewares/Third_Party/FreeRTOS/Source/queue.o
 .debug_frame   0x000021ac      0x4e8 Middlewares/Third_Party/FreeRTOS/Source/tasks.o
 .debug_frame   0x00002694      0x1d4 Middlewares/Third_Party/FreeRTOS/Source/timers.o
 .debug_frame   0x00002868      0x138 Middlewares/Third_Party/FreeRTOS/Source/portable/GCC/ARM_CM3/port.o
 .debug_frame   0x000029a0       0xac Middlewares/Third_Party/FreeRTOS/Source/portable/MemMang/heap_4.o
 .debug_frame   0x00002a4c       0xfc Src/main.o
 .debug_frame   0x00002b48       0x6c Src/stm32f1xx_hal_msp.o
 .debug_frame   0x00002bb4       0x4c Src/stm32f1xx_hal_timebase_TIM.o
 .debug_frame   0x00002c00       0xb8 Src/stm32f1xx_it.o
 .debug_frame   0x00002cb8       0x30 Src/system_stm32f1xx.o
 .debug_frame   0x00002ce8       0x20 c:/ac6/systemworkbench/plugins/fr.ac6.mcu.externaltools.arm-none.win32_1.13.2.201705091103/tools/compiler/bin/../lib/gcc/arm-none-eabi/5.4.1/../../../../arm-none-eabi/lib/armv7-m\libc_nano.a(lib_a-errno.o)
 .debug_frame   0x00002d08      0x11c c:/ac6/systemworkbench/plugins/fr.ac6.mcu.externaltools.arm-none.win32_1.13.2.201705091103/tools/compiler/bin/../lib/gcc/arm-none-eabi/5.4.1/../../../../arm-none-eabi/lib/armv7-m\libc_nano.a(lib_a-findfp.o)
 .debug_frame   0x00002e24       0x54 c:/ac6/systemworkbench/plugins/fr.ac6.mcu.externaltools.arm-none.win32_1.13.2.201705091103/tools/compiler/bin/../lib/gcc/arm-none-eabi/5.4.1/../../../../arm-none-eabi/lib/armv7-m\libc_nano.a(lib_a-fwalk.o)
 .debug_frame   0x00002e78       0x28 c:/ac6/systemworkbench/plugins/fr.ac6.mcu.externaltools.arm-none.win32_1.13.2.201705091103/tools/compiler/bin/../lib/gcc/arm-none-eabi/5.4.1/../../../../arm-none-eabi/lib/armv7-m\libc_nano.a(lib_a-memcpy-stub.o)
 .debug_frame   0x00002ea0       0x2c c:/ac6/systemworkbench/plugins/fr.ac6.mcu.externaltools.arm-none.win32_1.13.2.201705091103/tools/compiler/bin/../lib/gcc/arm-none-eabi/5.4.1/../../../../arm-none-eabi/lib/armv7-m\libc_nano.a(lib_a-nano-mallocr.o)
 .debug_frame   0x00002ecc       0x74 c:/ac6/systemworkbench/plugins/fr.ac6.mcu.externaltools.arm-none.win32_1.13.2.201705091103/tools/compiler/bin/../lib/gcc/arm-none-eabi/5.4.1/../../../../arm-none-eabi/lib/armv7-m\libc_nano.a(lib_a-printf.o)
 .debug_frame   0x00002f40       0x3c c:/ac6/systemworkbench/plugins/fr.ac6.mcu.externaltools.arm-none.win32_1.13.2.201705091103/tools/compiler/bin/../lib/gcc/arm-none-eabi/5.4.1/../../../../arm-none-eabi/lib/armv7-m\libc_nano.a(lib_a-puts.o)
 .debug_frame   0x00002f7c       0x2c c:/ac6/systemworkbench/plugins/fr.ac6.mcu.externaltools.arm-none.win32_1.13.2.201705091103/tools/compiler/bin/../lib/gcc/arm-none-eabi/5.4.1/../../../../arm-none-eabi/lib/armv7-m\libc_nano.a(lib_a-sbrkr.o)
 .debug_frame   0x00002fa8       0x88 c:/ac6/systemworkbench/plugins/fr.ac6.mcu.externaltools.arm-none.win32_1.13.2.201705091103/tools/compiler/bin/../lib/gcc/arm-none-eabi/5.4.1/../../../../arm-none-eabi/lib/armv7-m\libc_nano.a(lib_a-stdio.o)
 .debug_frame   0x00003030       0x40 c:/ac6/systemworkbench/plugins/fr.ac6.mcu.externaltools.arm-none.win32_1.13.2.201705091103/tools/compiler/bin/../lib/gcc/arm-none-eabi/5.4.1/../../../../arm-none-eabi/lib/armv7-m\libc_nano.a(lib_a-wbuf.o)
 .debug_frame   0x00003070       0x2c c:/ac6/systemworkbench/plugins/fr.ac6.mcu.externaltools.arm-none.win32_1.13.2.201705091103/tools/compiler/bin/../lib/gcc/arm-none-eabi/5.4.1/../../../../arm-none-eabi/lib/armv7-m\libc_nano.a(lib_a-writer.o)
 .debug_frame   0x0000309c       0x2c c:/ac6/systemworkbench/plugins/fr.ac6.mcu.externaltools.arm-none.win32_1.13.2.201705091103/tools/compiler/bin/../lib/gcc/arm-none-eabi/5.4.1/../../../../arm-none-eabi/lib/armv7-m\libc_nano.a(lib_a-wsetup.o)
 .debug_frame   0x000030c8       0x2c c:/ac6/systemworkbench/plugins/fr.ac6.mcu.externaltools.arm-none.win32_1.13.2.201705091103/tools/compiler/bin/../lib/gcc/arm-none-eabi/5.4.1/../../../../arm-none-eabi/lib/armv7-m\libc_nano.a(lib_a-closer.o)
 .debug_frame   0x000030f4       0x68 c:/ac6/systemworkbench/plugins/fr.ac6.mcu.externaltools.arm-none.win32_1.13.2.201705091103/tools/compiler/bin/../lib/gcc/arm-none-eabi/5.4.1/../../../../arm-none-eabi/lib/armv7-m\libc_nano.a(lib_a-fflush.o)
 .debug_frame   0x0000315c       0x2c c:/ac6/systemworkbench/plugins/fr.ac6.mcu.externaltools.arm-none.win32_1.13.2.201705091103/tools/compiler/bin/../lib/gcc/arm-none-eabi/5.4.1/../../../../arm-none-eabi/lib/armv7-m\libc_nano.a(lib_a-lseekr.o)
 .debug_frame   0x00003188       0x54 c:/ac6/systemworkbench/plugins/fr.ac6.mcu.externaltools.arm-none.win32_1.13.2.201705091103/tools/compiler/bin/../lib/gcc/arm-none-eabi/5.4.1/../../../../arm-none-eabi/lib/armv7-m\libc_nano.a(lib_a-makebuf.o)
 .debug_frame   0x000031dc       0x30 c:/ac6/systemworkbench/plugins/fr.ac6.mcu.externaltools.arm-none.win32_1.13.2.201705091103/tools/compiler/bin/../lib/gcc/arm-none-eabi/5.4.1/../../../../arm-none-eabi/lib/armv7-m\libc_nano.a(lib_a-mlock.o)
 .debug_frame   0x0000320c       0x38 c:/ac6/systemworkbench/plugins/fr.ac6.mcu.externaltools.arm-none.win32_1.13.2.201705091103/tools/compiler/bin/../lib/gcc/arm-none-eabi/5.4.1/../../../../arm-none-eabi/lib/armv7-m\libc_nano.a(lib_a-nano-freer.o)
 .debug_frame   0x00003244       0xac c:/ac6/systemworkbench/plugins/fr.ac6.mcu.externaltools.arm-none.win32_1.13.2.201705091103/tools/compiler/bin/../lib/gcc/arm-none-eabi/5.4.1/../../../../arm-none-eabi/lib/armv7-m\libc_nano.a(lib_a-nano-vfprintf.o)
 .debug_frame   0x000032f0       0x60 c:/ac6/systemworkbench/plugins/fr.ac6.mcu.externaltools.arm-none.win32_1.13.2.201705091103/tools/compiler/bin/../lib/gcc/arm-none-eabi/5.4.1/../../../../arm-none-eabi/lib/armv7-m\libc_nano.a(lib_a-nano-vfprintf_i.o)
 .debug_frame   0x00003350       0x2c c:/ac6/systemworkbench/plugins/fr.ac6.mcu.externaltools.arm-none.win32_1.13.2.201705091103/tools/compiler/bin/../lib/gcc/arm-none-eabi/5.4.1/../../../../arm-none-eabi/lib/armv7-m\libc_nano.a(lib_a-readr.o)
 .debug_frame   0x0000337c       0x5c c:/ac6/systemworkbench/plugins/fr.ac6.mcu.externaltools.arm-none.win32_1.13.2.201705091103/tools/compiler/bin/../lib/gcc/arm-none-eabi/5.4.1/../../../../arm-none-eabi/lib/armv7-m\libc_nano.a(lib_a-reent.o)
 .debug_frame   0x000033d8       0x2c c:/ac6/systemworkbench/plugins/fr.ac6.mcu.externaltools.arm-none.win32_1.13.2.201705091103/tools/compiler/bin/../lib/gcc/arm-none-eabi/5.4.1/../../../../arm-none-eabi/lib/armv7-m\libc_nano.a(lib_a-fstatr.o)
 .debug_frame   0x00003404       0x2c c:/ac6/systemworkbench/plugins/fr.ac6.mcu.externaltools.arm-none.win32_1.13.2.201705091103/tools/compiler/bin/../lib/gcc/arm-none-eabi/5.4.1/../../../../arm-none-eabi/lib/armv7-m\libc_nano.a(lib_a-isattyr.o)
 .debug_frame   0x00003430       0x28 c:/ac6/systemworkbench/plugins/fr.ac6.mcu.externaltools.arm-none.win32_1.13.2.201705091103/tools/compiler/bin/../lib/gcc/arm-none-eabi/5.4.1/../../../../arm-none-eabi/lib/armv7-m\libc_nano.a(lib_a-memchr-stub.o)

.debug_info     0x00000000    0x11566
 .debug_info    0x00000000      0x699 Drivers/STM32F1xx_HAL_Driver/Src/stm32f1xx_hal.o
 .debug_info    0x00000699      0xc33 Drivers/STM32F1xx_HAL_Driver/Src/stm32f1xx_hal_cortex.o
 .debug_info    0x000012cc      0x608 Drivers/STM32F1xx_HAL_Driver/Src/stm32f1xx_hal_gpio.o
 .debug_info    0x000018d4     0x12ab Drivers/STM32F1xx_HAL_Driver/Src/stm32f1xx_hal_rcc.o
 .debug_info    0x00002b7f     0x2d8a Drivers/STM32F1xx_HAL_Driver/Src/stm32f1xx_hal_tim.o
 .debug_info    0x00005909     0x11e6 Drivers/STM32F1xx_HAL_Driver/Src/stm32f1xx_hal_tim_ex.o
 .debug_info    0x00006aef     0x10f5 Drivers/STM32F1xx_HAL_Driver/Src/stm32f1xx_hal_uart.o
 .debug_info    0x00007be4     0x1b2d Middlewares/Third_Party/FreeRTOS/Source/CMSIS_RTOS/cmsis_os.o
 .debug_info    0x00009711      0x2a5 Middlewares/Third_Party/FreeRTOS/Source/list.o
 .debug_info    0x000099b6     0x1453 Middlewares/Third_Party/FreeRTOS/Source/queue.o
 .debug_info    0x0000ae09     0x1de7 Middlewares/Third_Party/FreeRTOS/Source/tasks.o
 .debug_info    0x0000cbf0      0xdab Middlewares/Third_Party/FreeRTOS/Source/timers.o
 .debug_info    0x0000d99b      0x3ed Middlewares/Third_Party/FreeRTOS/Source/portable/GCC/ARM_CM3/port.o
 .debug_info    0x0000dd88      0x3b3 Middlewares/Third_Party/FreeRTOS/Source/portable/MemMang/heap_4.o
 .debug_info    0x0000e13b     0x150d Src/main.o
 .debug_info    0x0000f648      0x9f1 Src/stm32f1xx_hal_msp.o
 .debug_info    0x00010039      0x8d1 Src/stm32f1xx_hal_timebase_TIM.o
 .debug_info    0x0001090a      0x7ef Src/stm32f1xx_it.o
 .debug_info    0x000110f9      0x3eb Src/system_stm32f1xx.o
 .debug_info    0x000114e4       0x82 startup/startup_stm32f103xb.o

.debug_abbrev   0x00000000     0x262f
 .debug_abbrev  0x00000000      0x21f Drivers/STM32F1xx_HAL_Driver/Src/stm32f1xx_hal.o
 .debug_abbrev  0x0000021f      0x2bd Drivers/STM32F1xx_HAL_Driver/Src/stm32f1xx_hal_cortex.o
 .debug_abbrev  0x000004dc      0x1cd Drivers/STM32F1xx_HAL_Driver/Src/stm32f1xx_hal_gpio.o
 .debug_abbrev  0x000006a9      0x287 Drivers/STM32F1xx_HAL_Driver/Src/stm32f1xx_hal_rcc.o
 .debug_abbrev  0x00000930      0x22a Drivers/STM32F1xx_HAL_Driver/Src/stm32f1xx_hal_tim.o
 .debug_abbrev  0x00000b5a      0x21b Drivers/STM32F1xx_HAL_Driver/Src/stm32f1xx_hal_tim_ex.o
 .debug_abbrev  0x00000d75      0x228 Drivers/STM32F1xx_HAL_Driver/Src/stm32f1xx_hal_uart.o
 .debug_abbrev  0x00000f9d      0x2ac Middlewares/Third_Party/FreeRTOS/Source/CMSIS_RTOS/cmsis_os.o
 .debug_abbrev  0x00001249       0xdf Middlewares/Third_Party/FreeRTOS/Source/list.o
 .debug_abbrev  0x00001328      0x1d8 Middlewares/Third_Party/FreeRTOS/Source/queue.o
 .debug_abbrev  0x00001500      0x29b Middlewares/Third_Party/FreeRTOS/Source/tasks.o
 .debug_abbrev  0x0000179b      0x206 Middlewares/Third_Party/FreeRTOS/Source/timers.o
 .debug_abbrev  0x000019a1      0x1ff Middlewares/Third_Party/FreeRTOS/Source/portable/GCC/ARM_CM3/port.o
 .debug_abbrev  0x00001ba0      0x1ce Middlewares/Third_Party/FreeRTOS/Source/portable/MemMang/heap_4.o
 .debug_abbrev  0x00001d6e      0x29f Src/main.o
 .debug_abbrev  0x0000200d      0x18f Src/stm32f1xx_hal_msp.o
 .debug_abbrev  0x0000219c      0x1d4 Src/stm32f1xx_hal_timebase_TIM.o
 .debug_abbrev  0x00002370      0x188 Src/stm32f1xx_it.o
 .debug_abbrev  0x000024f8      0x125 Src/system_stm32f1xx.o
 .debug_abbrev  0x0000261d       0x12 startup/startup_stm32f103xb.o

.debug_loc      0x00000000     0xb0a4
 .debug_loc     0x00000000       0x81 Drivers/STM32F1xx_HAL_Driver/Src/stm32f1xx_hal.o
 .debug_loc     0x00000081      0x527 Drivers/STM32F1xx_HAL_Driver/Src/stm32f1xx_hal_cortex.o
 .debug_loc     0x000005a8      0x377 Drivers/STM32F1xx_HAL_Driver/Src/stm32f1xx_hal_gpio.o
 .debug_loc     0x0000091f      0x8e9 Drivers/STM32F1xx_HAL_Driver/Src/stm32f1xx_hal_rcc.o
 .debug_loc     0x00001208     0x32a5 Drivers/STM32F1xx_HAL_Driver/Src/stm32f1xx_hal_tim.o
 .debug_loc     0x000044ad      0xbdb Drivers/STM32F1xx_HAL_Driver/Src/stm32f1xx_hal_tim_ex.o
 .debug_loc     0x00005088     0x1009 Drivers/STM32F1xx_HAL_Driver/Src/stm32f1xx_hal_uart.o
 .debug_loc     0x00006091     0x101b Middlewares/Third_Party/FreeRTOS/Source/CMSIS_RTOS/cmsis_os.o
 .debug_loc     0x000070ac       0x65 Middlewares/Third_Party/FreeRTOS/Source/list.o
 .debug_loc     0x00007111     0x173e Middlewares/Third_Party/FreeRTOS/Source/queue.o
 .debug_loc     0x0000884f     0x18d0 Middlewares/Third_Party/FreeRTOS/Source/tasks.o
 .debug_loc     0x0000a11f      0xa3b Middlewares/Third_Party/FreeRTOS/Source/timers.o
 .debug_loc     0x0000ab5a       0xa6 Middlewares/Third_Party/FreeRTOS/Source/portable/GCC/ARM_CM3/port.o
 .debug_loc     0x0000ac00      0x27b Middlewares/Third_Party/FreeRTOS/Source/portable/MemMang/heap_4.o
 .debug_loc     0x0000ae7b       0x84 Src/main.o
 .debug_loc     0x0000aeff       0x4d Src/stm32f1xx_hal_msp.o
 .debug_loc     0x0000af4c       0x79 Src/stm32f1xx_hal_timebase_TIM.o
 .debug_loc     0x0000afc5       0xdf Src/system_stm32f1xx.o

.debug_aranges  0x00000000      0xf60
 .debug_aranges
                0x00000000       0xb0 Drivers/STM32F1xx_HAL_Driver/Src/stm32f1xx_hal.o
 .debug_aranges
                0x000000b0       0x90 Drivers/STM32F1xx_HAL_Driver/Src/stm32f1xx_hal_cortex.o
 .debug_aranges
                0x00000140       0x58 Drivers/STM32F1xx_HAL_Driver/Src/stm32f1xx_hal_gpio.o
 .debug_aranges
                0x00000198       0x88 Drivers/STM32F1xx_HAL_Driver/Src/stm32f1xx_hal_rcc.o
 .debug_aranges
                0x00000220      0x368 Drivers/STM32F1xx_HAL_Driver/Src/stm32f1xx_hal_tim.o
 .debug_aranges
                0x00000588      0x138 Drivers/STM32F1xx_HAL_Driver/Src/stm32f1xx_hal_tim_ex.o
 .debug_aranges
                0x000006c0      0x150 Drivers/STM32F1xx_HAL_Driver/Src/stm32f1xx_hal_uart.o
 .debug_aranges
                0x00000810      0x1b0 Middlewares/Third_Party/FreeRTOS/Source/CMSIS_RTOS/cmsis_os.o
 .debug_aranges
                0x000009c0       0x40 Middlewares/Third_Party/FreeRTOS/Source/list.o
 .debug_aranges
                0x00000a00       0xe8 Middlewares/Third_Party/FreeRTOS/Source/queue.o
 .debug_aranges
                0x00000ae8      0x190 Middlewares/Third_Party/FreeRTOS/Source/tasks.o
 .debug_aranges
                0x00000c78       0x98 Middlewares/Third_Party/FreeRTOS/Source/timers.o
 .debug_aranges
                0x00000d10       0x90 Middlewares/Third_Party/FreeRTOS/Source/portable/GCC/ARM_CM3/port.o
 .debug_aranges
                0x00000da0       0x50 Middlewares/Third_Party/FreeRTOS/Source/portable/MemMang/heap_4.o
 .debug_aranges
                0x00000df0       0x60 Src/main.o
 .debug_aranges
                0x00000e50       0x30 Src/stm32f1xx_hal_msp.o
 .debug_aranges
                0x00000e80       0x30 Src/stm32f1xx_hal_timebase_TIM.o
 .debug_aranges
                0x00000eb0       0x60 Src/stm32f1xx_it.o
 .debug_aranges
                0x00000f10       0x28 Src/system_stm32f1xx.o
 .debug_aranges
                0x00000f38       0x28 startup/startup_stm32f103xb.o

.debug_ranges   0x00000000      0xe40
 .debug_ranges  0x00000000       0xa0 Drivers/STM32F1xx_HAL_Driver/Src/stm32f1xx_hal.o
 .debug_ranges  0x000000a0       0x80 Drivers/STM32F1xx_HAL_Driver/Src/stm32f1xx_hal_cortex.o
 .debug_ranges  0x00000120       0x48 Drivers/STM32F1xx_HAL_Driver/Src/stm32f1xx_hal_gpio.o
 .debug_ranges  0x00000168       0x78 Drivers/STM32F1xx_HAL_Driver/Src/stm32f1xx_hal_rcc.o
 .debug_ranges  0x000001e0      0x358 Drivers/STM32F1xx_HAL_Driver/Src/stm32f1xx_hal_tim.o
 .debug_ranges  0x00000538      0x128 Drivers/STM32F1xx_HAL_Driver/Src/stm32f1xx_hal_tim_ex.o
 .debug_ranges  0x00000660      0x140 Drivers/STM32F1xx_HAL_Driver/Src/stm32f1xx_hal_uart.o
 .debug_ranges  0x000007a0      0x1a0 Middlewares/Third_Party/FreeRTOS/Source/CMSIS_RTOS/cmsis_os.o
 .debug_ranges  0x00000940       0x30 Middlewares/Third_Party/FreeRTOS/Source/list.o
 .debug_ranges  0x00000970       0xd8 Middlewares/Third_Party/FreeRTOS/Source/queue.o
 .debug_ranges  0x00000a48      0x198 Middlewares/Third_Party/FreeRTOS/Source/tasks.o
 .debug_ranges  0x00000be0       0x88 Middlewares/Third_Party/FreeRTOS/Source/timers.o
 .debug_ranges  0x00000c68       0x80 Middlewares/Third_Party/FreeRTOS/Source/portable/GCC/ARM_CM3/port.o
 .debug_ranges  0x00000ce8       0x40 Middlewares/Third_Party/FreeRTOS/Source/portable/MemMang/heap_4.o
 .debug_ranges  0x00000d28       0x50 Src/main.o
 .debug_ranges  0x00000d78       0x20 Src/stm32f1xx_hal_msp.o
 .debug_ranges  0x00000d98       0x20 Src/stm32f1xx_hal_timebase_TIM.o
 .debug_ranges  0x00000db8       0x50 Src/stm32f1xx_it.o
 .debug_ranges  0x00000e08       0x18 Src/system_stm32f1xx.o
 .debug_ranges  0x00000e20       0x20 startup/startup_stm32f103xb.o

.debug_macro    0x00000000    0x1ac90
 .debug_macro   0x00000000      0x2fe Drivers/STM32F1xx_HAL_Driver/Src/stm32f1xx_hal.o
 .debug_macro   0x000002fe      0x880 Drivers/STM32F1xx_HAL_Driver/Src/stm32f1xx_hal.o
 .debug_macro   0x00000b7e       0x46 Drivers/STM32F1xx_HAL_Driver/Src/stm32f1xx_hal.o
 .debug_macro   0x00000bc4      0x161 Drivers/STM32F1xx_HAL_Driver/Src/stm32f1xx_hal.o
 .debug_macro   0x00000d25       0x2e Drivers/STM32F1xx_HAL_Driver/Src/stm32f1xx_hal.o
 .debug_macro   0x00000d53       0x22 Drivers/STM32F1xx_HAL_Driver/Src/stm32f1xx_hal.o
 .debug_macro   0x00000d75       0x22 Drivers/STM32F1xx_HAL_Driver/Src/stm32f1xx_hal.o
 .debug_macro   0x00000d97       0x87 Drivers/STM32F1xx_HAL_Driver/Src/stm32f1xx_hal.o
 .debug_macro   0x00000e1e       0x44 Drivers/STM32F1xx_HAL_Driver/Src/stm32f1xx_hal.o
 .debug_macro   0x00000e62       0xfd Drivers/STM32F1xx_HAL_Driver/Src/stm32f1xx_hal.o
 .debug_macro   0x00000f5f       0x5e Drivers/STM32F1xx_HAL_Driver/Src/stm32f1xx_hal.o
 .debug_macro   0x00000fbd      0x1df Drivers/STM32F1xx_HAL_Driver/Src/stm32f1xx_hal.o
 .debug_macro   0x0000119c       0x34 Drivers/STM32F1xx_HAL_Driver/Src/stm32f1xx_hal.o
 .debug_macro   0x000011d0       0x34 Drivers/STM32F1xx_HAL_Driver/Src/stm32f1xx_hal.o
 .debug_macro   0x00001204      0xb8e Drivers/STM32F1xx_HAL_Driver/Src/stm32f1xx_hal.o
 .debug_macro   0x00001d92     0xf2f7 Drivers/STM32F1xx_HAL_Driver/Src/stm32f1xx_hal.o
 .debug_macro   0x00011089       0x43 Drivers/STM32F1xx_HAL_Driver/Src/stm32f1xx_hal.o
 .debug_macro   0x000110cc     0x3383 Drivers/STM32F1xx_HAL_Driver/Src/stm32f1xx_hal.o
 .debug_macro   0x0001444f       0x52 Drivers/STM32F1xx_HAL_Driver/Src/stm32f1xx_hal.o
 .debug_macro   0x000144a1       0x35 Drivers/STM32F1xx_HAL_Driver/Src/stm32f1xx_hal.o
 .debug_macro   0x000144d6       0x9c Drivers/STM32F1xx_HAL_Driver/Src/stm32f1xx_hal.o
 .debug_macro   0x00014572       0x16 Drivers/STM32F1xx_HAL_Driver/Src/stm32f1xx_hal.o
 .debug_macro   0x00014588       0x97 Drivers/STM32F1xx_HAL_Driver/Src/stm32f1xx_hal.o
 .debug_macro   0x0001461f      0x30d Drivers/STM32F1xx_HAL_Driver/Src/stm32f1xx_hal.o
 .debug_macro   0x0001492c       0xfd Drivers/STM32F1xx_HAL_Driver/Src/stm32f1xx_hal.o
 .debug_macro   0x00014a29       0x10 Drivers/STM32F1xx_HAL_Driver/Src/stm32f1xx_hal.o
 .debug_macro   0x00014a39       0x52 Drivers/STM32F1xx_HAL_Driver/Src/stm32f1xx_hal.o
 .debug_macro   0x00014a8b       0x1f Drivers/STM32F1xx_HAL_Driver/Src/stm32f1xx_hal.o
 .debug_macro   0x00014aaa       0x43 Drivers/STM32F1xx_HAL_Driver/Src/stm32f1xx_hal.o
 .debug_macro   0x00014aed       0x20 Drivers/STM32F1xx_HAL_Driver/Src/stm32f1xx_hal.o
 .debug_macro   0x00014b0d      0x187 Drivers/STM32F1xx_HAL_Driver/Src/stm32f1xx_hal.o
 .debug_macro   0x00014c94       0x10 Drivers/STM32F1xx_HAL_Driver/Src/stm32f1xx_hal.o
 .debug_macro   0x00014ca4       0x1c Drivers/STM32F1xx_HAL_Driver/Src/stm32f1xx_hal.o
 .debug_macro   0x00014cc0       0x52 Drivers/STM32F1xx_HAL_Driver/Src/stm32f1xx_hal.o
 .debug_macro   0x00014d12       0x40 Drivers/STM32F1xx_HAL_Driver/Src/stm32f1xx_hal.o
 .debug_macro   0x00014d52       0x10 Drivers/STM32F1xx_HAL_Driver/Src/stm32f1xx_hal.o
 .debug_macro   0x00014d62       0x40 Drivers/STM32F1xx_HAL_Driver/Src/stm32f1xx_hal.o
 .debug_macro   0x00014da2       0xd7 Drivers/STM32F1xx_HAL_Driver/Src/stm32f1xx_hal.o
 .debug_macro   0x00014e79       0x16 Drivers/STM32F1xx_HAL_Driver/Src/stm32f1xx_hal.o
 .debug_macro   0x00014e8f      0x18b Drivers/STM32F1xx_HAL_Driver/Src/stm32f1xx_hal.o
 .debug_macro   0x0001501a       0x50 Drivers/STM32F1xx_HAL_Driver/Src/stm32f1xx_hal.o